Component: ARM Compiler 6.11 Tool: armlink [5d3b3900]

==============================================================================

Section Cross References

    main.o(.text.main) refers to stm32h7xx_hal.o(.text.HAL_Init) for HAL_Init
    main.o(.text.main) refers to main.o(.text.SystemClock_Config) for SystemClock_Config
    main.o(.text.main) refers to stm32h7xx_hal_gpio.o(.text.HAL_GPIO_Init) for HAL_GPIO_Init
    main.o(.text.main) refers to rt_memclr_w.o(.text) for __aeabi_memclr4
    main.o(.text.main) refers to stm32h7xx_hal_adc.o(.text.HAL_ADC_Init) for HAL_ADC_Init
    main.o(.text.main) refers to stm32h7xx_hal_adc_ex.o(.text.HAL_ADCEx_MultiModeConfigChannel) for HAL_ADCEx_MultiModeConfigChannel
    main.o(.text.main) refers to stm32h7xx_hal_adc.o(.text.HAL_ADC_ConfigChannel) for HAL_ADC_ConfigChannel
    main.o(.text.main) refers to stm32h7xx_hal_dac.o(.text.HAL_DAC_Init) for HAL_DAC_Init
    main.o(.text.main) refers to stm32h7xx_hal_dac.o(.text.HAL_DAC_ConfigChannel) for HAL_DAC_ConfigChannel
    main.o(.text.main) refers to stm32h7xx_hal_i2c.o(.text.HAL_I2C_Init) for HAL_I2C_Init
    main.o(.text.main) refers to stm32h7xx_hal_i2c_ex.o(.text.HAL_I2CEx_ConfigAnalogFilter) for HAL_I2CEx_ConfigAnalogFilter
    main.o(.text.main) refers to stm32h7xx_hal_i2c_ex.o(.text.HAL_I2CEx_ConfigDigitalFilter) for HAL_I2CEx_ConfigDigitalFilter
    main.o(.text.main) refers to stm32h7xx_hal_spi.o(.text.HAL_SPI_Init) for HAL_SPI_Init
    main.o(.text.main) refers to stm32h7xx_hal_uart.o(.text.HAL_UART_Init) for HAL_UART_Init
    main.o(.text.main) refers to stm32h7xx_hal_hcd.o(.text.HAL_HCD_Init) for HAL_HCD_Init
    main.o(.text.main) refers to stm32h7xx_hal_cortex.o(.text.HAL_NVIC_SetPriority) for HAL_NVIC_SetPriority
    main.o(.text.main) refers to stm32h7xx_hal_cortex.o(.text.HAL_NVIC_EnableIRQ) for HAL_NVIC_EnableIRQ
    main.o(.text.main) refers to main.o(.bss.hadc1) for hadc1
    main.o(.text.main) refers to main.o(.bss..L_MergedGlobals) for [Anonymous Symbol]
    main.o(.text.main) refers to main.o(.bss.hi2c4) for hi2c4
    main.o(.text.main) refers to main.o(.bss.hspi2) for hspi2
    main.o(.text.main) refers to main.o(.bss.hspi4) for hspi4
    main.o(.text.main) refers to main.o(.bss.huart4) for huart4
    main.o(.text.main) refers to main.o(.bss.huart5) for huart5
    main.o(.text.main) refers to main.o(.bss.hhcd_USB_OTG_HS) for hhcd_USB_OTG_HS
    main.o(.ARM.exidx.text.main) refers to main.o(.text.main) for [Anonymous Symbol]
    main.o(.text.SystemClock_Config) refers to rt_memclr_w.o(.text) for __aeabi_memclr4
    main.o(.text.SystemClock_Config) refers to stm32h7xx_hal_rcc.o(.text.HAL_RCC_OscConfig) for HAL_RCC_OscConfig
    main.o(.text.SystemClock_Config) refers to stm32h7xx_hal_rcc.o(.text.HAL_RCC_ClockConfig) for HAL_RCC_ClockConfig
    main.o(.text.SystemClock_Config) refers to stm32h7xx_hal_rcc_ex.o(.text.HAL_RCCEx_PeriphCLKConfig) for HAL_RCCEx_PeriphCLKConfig
    main.o(.ARM.exidx.text.SystemClock_Config) refers to main.o(.text.SystemClock_Config) for [Anonymous Symbol]
    main.o(.ARM.exidx.text.Error_Handler) refers to main.o(.text.Error_Handler) for [Anonymous Symbol]
    stm32h7xx_it.o(.ARM.exidx.text.NMI_Handler) refers to stm32h7xx_it.o(.text.NMI_Handler) for [Anonymous Symbol]
    stm32h7xx_it.o(.ARM.exidx.text.HardFault_Handler) refers to stm32h7xx_it.o(.text.HardFault_Handler) for [Anonymous Symbol]
    stm32h7xx_it.o(.ARM.exidx.text.MemManage_Handler) refers to stm32h7xx_it.o(.text.MemManage_Handler) for [Anonymous Symbol]
    stm32h7xx_it.o(.ARM.exidx.text.BusFault_Handler) refers to stm32h7xx_it.o(.text.BusFault_Handler) for [Anonymous Symbol]
    stm32h7xx_it.o(.ARM.exidx.text.UsageFault_Handler) refers to stm32h7xx_it.o(.text.UsageFault_Handler) for [Anonymous Symbol]
    stm32h7xx_it.o(.ARM.exidx.text.DebugMon_Handler) refers to stm32h7xx_it.o(.text.DebugMon_Handler) for [Anonymous Symbol]
    stm32h7xx_it.o(.text.DMA1_Stream0_IRQHandler) refers to stm32h7xx_hal_dma.o(.text.HAL_DMA_IRQHandler) for HAL_DMA_IRQHandler
    stm32h7xx_it.o(.text.DMA1_Stream0_IRQHandler) refers to main.o(.bss.hdma_i2c1_rx) for hdma_i2c1_rx
    stm32h7xx_it.o(.ARM.exidx.text.DMA1_Stream0_IRQHandler) refers to stm32h7xx_it.o(.text.DMA1_Stream0_IRQHandler) for [Anonymous Symbol]
    stm32h7xx_it.o(.text.DMA1_Stream1_IRQHandler) refers to stm32h7xx_hal_dma.o(.text.HAL_DMA_IRQHandler) for HAL_DMA_IRQHandler
    stm32h7xx_it.o(.text.DMA1_Stream1_IRQHandler) refers to main.o(.bss.hdma_i2c1_tx) for hdma_i2c1_tx
    stm32h7xx_it.o(.ARM.exidx.text.DMA1_Stream1_IRQHandler) refers to stm32h7xx_it.o(.text.DMA1_Stream1_IRQHandler) for [Anonymous Symbol]
    stm32h7xx_it.o(.text.DMA1_Stream2_IRQHandler) refers to stm32h7xx_hal_dma.o(.text.HAL_DMA_IRQHandler) for HAL_DMA_IRQHandler
    stm32h7xx_it.o(.text.DMA1_Stream2_IRQHandler) refers to main.o(.bss.hdma_spi2_rx) for hdma_spi2_rx
[...]
    svcRtxMutexAcquire                       0x080056a1   Thumb Code   212  rtx_mutex.o(.text.svcRtxMutexAcquire)
    [Anonymous Symbol]                       0x080056a0   Section        0  rtx_mutex.o(.text.svcRtxMutexAcquire)
    __arm_cp.9_0                             0x08005770   Number         4  rtx_mutex.o(.text.svcRtxMutexAcquire)
    svcRtxMutexDelete                        0x08005775   Thumb Code   204  rtx_mutex.o(.text.svcRtxMutexDelete)
    [Anonymous Symbol]                       0x08005774   Section        0  rtx_mutex.o(.text.svcRtxMutexDelete)
    __arm_cp.12_0                            0x0800583c   Number         4  rtx_mutex.o(.text.svcRtxMutexDelete)
    svcRtxMutexNew                           0x08005841   Thumb Code   128  rtx_mutex.o(.text.svcRtxMutexNew)
    [Anonymous Symbol]                       0x08005840   Section        0  rtx_mutex.o(.text.svcRtxMutexNew)
    __arm_cp.7_0                             0x080058bc   Number         4  rtx_mutex.o(.text.svcRtxMutexNew)
    svcRtxMutexRelease                       0x080058c1   Thumb Code   232  rtx_mutex.o(.text.svcRtxMutexRelease)
    [Anonymous Symbol]                       0x080058c0   Section        0  rtx_mutex.o(.text.svcRtxMutexRelease)
    __arm_cp.10_0                            0x080059a4   Number         4  rtx_mutex.o(.text.svcRtxMutexRelease)
    $v0                                      0x080059a8   Number         0  fpinit.o(x$fpl$fpinit)
    x$fpl$fpinit                             0x080059a8   Section       26  fpinit.o(x$fpl$fpinit)
    __tagsym$$used.4                         0x080059c4   Number         0  rtx_lib.o(.rodata)
    OTG_DFIFO                                0x08005a74   Data          64  usbh_hs1_stm32h7xx.o(.rodata.OTG_DFIFO)
    [Anonymous Symbol]                       0x08005a74   Section        0  usbh_hs1_stm32h7xx.o(.rodata.OTG_DFIFO)
    SPI2_NSS                                 0x08005ab4   Data          12  spi_stm32h7xx.o(.rodata.SPI2_NSS)
    [Anonymous Symbol]                       0x08005ab4   Section        0  spi_stm32h7xx.o(.rodata.SPI2_NSS)
    SPI2_Resources                           0x08005ac0   Data          24  spi_stm32h7xx.o(.rodata.SPI2_Resources)
    [Anonymous Symbol]                       0x08005ac0   Section        0  spi_stm32h7xx.o(.rodata.SPI2_Resources)
    SPI4_NSS                                 0x08005ad8   Data          12  spi_stm32h7xx.o(.rodata.SPI4_NSS)
    [Anonymous Symbol]                       0x08005ad8   Section        0  spi_stm32h7xx.o(.rodata.SPI4_NSS)
    SPI4_Resources                           0x08005ae4   Data          24  spi_stm32h7xx.o(.rodata.SPI4_Resources)
    [Anonymous Symbol]                       0x08005ae4   Section        0  spi_stm32h7xx.o(.rodata.SPI4_Resources)
    UARTPrescTable                           0x08005afc   Data          24  stm32h7xx_hal_uart.o(.rodata.UARTPrescTable)
    [Anonymous Symbol]                       0x08005afc   Section        0  stm32h7xx_hal_uart.o(.rodata.UARTPrescTable)
    os_idle_thread_attr                      0x08005b18   Data          36  rtx_lib.o(.rodata.os_idle_thread_attr)
    [Anonymous Symbol]                       0x08005b18   Section        0  rtx_lib.o(.rodata.os_idle_thread_attr)
    os_timer_mq_attr                         0x08005b3c   Data          24  rtx_lib.o(.rodata.os_timer_mq_attr)
    [Anonymous Symbol]                       0x08005b3c   Section        0  rtx_lib.o(.rodata.os_timer_mq_attr)
    os_timer_thread_attr                     0x08005b54   Data          36  rtx_lib.o(.rodata.os_timer_thread_attr)
    [Anonymous Symbol]                       0x08005b54   Section        0  rtx_lib.o(.rodata.os_timer_thread_attr)
    .L.str                                   0x08005b78   Data          11  rtx_kernel.o(.rodata.str1.4)
    [Anonymous Symbol]                       0x08005b78   Section        0  rtx_kernel.o(.rodata.str1.4)
    uwTickFreq                               0x24000000   Data           1  stm32h7xx_hal.o(.data..L_MergedGlobals)
    [Anonymous Symbol]                       0x24000000   Section        0  stm32h7xx_hal.o(.data..L_MergedGlobals)
    uwTickPrio                               0x24000004   Data           4  stm32h7xx_hal.o(.data..L_MergedGlobals)
    .bss                                     0x240000b8   Section       96  libspace.o(.bss)
    [Anonymous Symbol]                       0x24000118   Section        0  main.o(.bss..L_MergedGlobals)
    port_reset                               0x24000178   Data           1  usbh_hs1_stm32h7xx.o(.bss..L_MergedGlobals)
    [Anonymous Symbol]                       0x24000178   Section        0  usbh_hs1_stm32h7xx.o(.bss..L_MergedGlobals)
    hw_initialized                           0x24000179   Data           1  usbh_hs1_stm32h7xx.o(.bss..L_MergedGlobals)
    hw_powered                               0x2400017a   Data           1  usbh_hs1_stm32h7xx.o(.bss..L_MergedGlobals)
    SignalPortEvent                          0x2400017c   Data           4  usbh_hs1_stm32h7xx.o(.bss..L_MergedGlobals)
    SignalPipeEvent                          0x24000180   Data           4  usbh_hs1_stm32h7xx.o(.bss..L_MergedGlobals)
    SPI2_Info                                0x24000184   Data          12  spi_stm32h7xx.o(.bss.SPI2_Info)
    [Anonymous Symbol]                       0x24000184   Section        0  spi_stm32h7xx.o(.bss.SPI2_Info)
    SPI2_TransferInfo                        0x24000190   Data          16  spi_stm32h7xx.o(.bss.SPI2_TransferInfo)
    [Anonymous Symbol]                       0x24000190   Section        0  spi_stm32h7xx.o(.bss.SPI2_TransferInfo)
    SPI4_Info                                0x240001a0   Data          12  spi_stm32h7xx.o(.bss.SPI4_Info)
    [Anonymous Symbol]                       0x240001a0   Section        0  spi_stm32h7xx.o(.bss.SPI4_Info)
    SPI4_TransferInfo                        0x240001ac   Data          16  spi_stm32h7xx.o(.bss.SPI4_TransferInfo)
    [Anonymous Symbol]                       0x240001ac   Section        0  spi_stm32h7xx.o(.bss.SPI4_TransferInfo)
    os_isr_queue                             0x24000cb8   Data          64  rtx_lib.o(.bss.os)
    [Anonymous Symbol]                       0x24000cb8   Section        0  rtx_lib.o(.bss.os)
    os_mem                                   0x24000cf8   Data        4096  rtx_lib.o(.bss.os)
    os_timer_mq_cb                           0x24001cf8   Data          52  rtx_lib.o(.bss.os.msgqueue.cb)
    [Anonymous Symbol]                       0x24001cf8   Section        0  rtx_lib.o(.bss.os.msgqueue.cb)
    os_timer_mq_data                         0x24001d2c   Data          80  rtx_lib.o(.bss.os.msgqueue.mem)
    [Anonymous Symbol]                       0x24001d2c   Section        0  rtx_lib.o(.bss.os.msgqueue.mem)
    os_idle_thread_cb                        0x24001d7c   Data          68  rtx_lib.o(.bss.os.thread.cb)
    [Anonymous Symbol]                       0x24001d7c   Section        0  rtx_lib.o(.bss.os.thread.cb)
    os_timer_thread_cb                       0x24001dc0   Data          68  rtx_lib.o(.bss.os.thread.cb)
    os_idle_thread_stack                     0x24001e08   Data         256  rtx_lib.o(.bss.os.thread.stack)
    [Anonymous Symbol]                       0x24001e08   Section        0  rtx_lib.o(.bss.os.thread.stack)
    os_timer_thread_stack                    0x24001f08   Data         256  rtx_lib.o(.bss.os.thread.stack)
    os_kernel_is_active.os_kernel_active     0x24002008   Data           1  rtx_lib.o(.bss.os_kernel_is_active.os_kernel_active)
    [Anonymous Symbol]                       0x24002008   Section        0  rtx_lib.o(.bss.os_kernel_is_active.os_kernel_active)
    pipe                                     0x2400200c   Data         512  usbh_hs1_stm32h7xx.o(.bss.pipe)
    [Anonymous Symbol]                       0x2400200c   Section        0  usbh_hs1_stm32h7xx.o(.bss.pipe)
    uwTick                                   0x2400220c   Data           4  stm32h7xx_hal.o(.bss.uwTick)
    [Anonymous Symbol]                       0x2400220c   Section        0  stm32h7xx_hal.o(.bss.uwTick)
    Heap_Mem                                 0x24002210   Data         512  startup_stm32h743xx.o(HEAP)
    HEAP                                     0x24002210   Section      512  startup_stm32h743xx.o(HEAP)
    Stack_Mem                                0x24002410   Data        1024  startup_stm32h743xx.o(STACK)
    STACK                                    0x24002410   Section     1024  startup_stm32h743xx.o(STACK)
    __initial_sp                             0x24002810   Data           0  startup_stm32h743xx.o(STACK)

    Global Symbols

    Symbol Name                              Value     Ov Type        Size  Object(Section)

    BuildAttributes$$THM_ISAv4$E$P$D$K$B$S$7EM$VFPv5_D16$PE$PLD8$A:L22UL41UL21$X:L11$S22US41US21$IEEE1$IW$~IW$USESV6$~STKCKD$USESV7$~SHL$OSPACE$ROPI$EBA8$UX$STANDARDLIB$REQ8$PRES8$EABIv2 0x00000000   Number         0  anon$$obj.o ABSOLUTE
    .bss.os.evflags.cb$$Base                  - Undefined Weak Reference
    .bss.os.evflags.cb$$Limit                 - Undefined Weak Reference
    .bss.os.mempool.cb$$Base                  - Undefined Weak Reference
    .bss.os.mempool.cb$$Limit                 - Undefined Weak Reference
    .bss.os.mutex.cb$$Base                    - Undefined Weak Reference
    .bss.os.mutex.cb$$Limit                   - Undefined Weak Reference
    .bss.os.semaphore.cb$$Base                - Undefined Weak Reference
    .bss.os.semaphore.cb$$Limit               - Undefined Weak Reference
    .bss.os.timer.cb$$Base                    - Undefined Weak Reference
    .bss.os.timer.cb$$Limit                   - Undefined Weak Reference
    __ARM_exceptions_init                     - Undefined Weak Reference
    __alloca_initialize                       - Undefined Weak Reference
    __arm_preinit_                            - Undefined Weak Reference
    __cpp_initialize__aeabi_                  - Undefined Weak Reference
    __cxa_finalize                            - Undefined Weak Reference
    __rt_locale                               - Undefined Weak Reference
    __sigvec_lookup                           - Undefined Weak Reference
    _atexit_init                              - Undefined Weak Reference
    _call_atexit_fns                          - Undefined Weak Reference
    _clock_init                               - Undefined Weak Reference
    _fp_trap_init                             - Undefined Weak Reference
    _fp_trap_shutdown                         - Undefined Weak Reference
    _get_lc_collate                           - Undefined Weak Reference
    _get_lc_ctype                             - Undefined Weak Reference
    _get_lc_monetary                          - Undefined Weak Reference
    _get_lc_numeric                           - Undefined Weak Reference
    _get_lc_time                              - Undefined Weak Reference
    _getenv_init                              - Undefined Weak Reference
    _handle_redirection                       - Undefined Weak Reference
    _init_alloc                               - Undefined Weak Reference
    _init_user_alloc                          - Undefined Weak Reference
    _initio                                   - Undefined Weak Reference
    _rand_init                                - Undefined Weak Reference
    _signal_finish                            - Undefined Weak Reference
    _signal_init                              - Undefined Weak Reference
    _terminate_alloc                          - Undefined Weak Reference
    _terminate_user_alloc                     - Undefined Weak Reference
    _terminateio                              - Undefined Weak Reference
    __Vectors_Size                           0x00000298   Number         0  startup_stm32h743xx.o ABSOLUTE
    __Vectors                                0x08000000   Data           4  startup_stm32h743xx.o(RESET)
    __Vectors_End                            0x08000298   Data           0  startup_stm32h743xx.o(RESET)
    __main                                   0x08000299   Thumb Code     8  __main.o(!!!main)
    __scatterload                            0x080002a1   Thumb Code     0  __scatter.o(!!!scatter)
    __scatterload_rt2                        0x080002a1   Thumb Code    44  __scatter.o(!!!scatter)
    __scatterload_rt2_thumb_only             0x080002a1   Thumb Code     0  __scatter.o(!!!scatter)
    __scatterload_null                       0x080002af   Thumb Code     0  __scatter.o(!!!scatter)
    __scatterload_copy                       0x080002d5   Thumb Code    26  __scatter_copy.o(!!handler_copy)
    __scatterload_zeroinit                   0x080002f1   Thumb Code    28  __scatter_zi.o(!!handler_zi)
    __rt_lib_init                            0x0800030d   Thumb Code     0  libinit.o(.ARM.Collect$$libinit$$00000000)
    __rt_lib_init_fp_1                       0x0800030f   Thumb Code     0  libinit2.o(.ARM.Collect$$libinit$$00000001)
    __rt_lib_init_alloca_1                   0x08000313   Thumb Code     0  libinit2.o(.ARM.Collect$$libinit$$0000002E)
    __rt_lib_init_argv_1                     0x08000313   Thumb Code     0  libinit2.o(.ARM.Collect$$libinit$$0000002C)
    __rt_lib_init_atexit_1                   0x08000313   Thumb Code     0  libinit2.o(.ARM.Collect$$libinit$$0000001B)
    __rt_lib_init_clock_1                    0x08000313   Thumb Code     0  libinit2.o(.ARM.Collect$$libinit$$00000021)
    __rt_lib_init_cpp_1                      0x08000313   Thumb Code     0  libinit2.o(.ARM.Collect$$libinit$$00000032)
    __rt_lib_init_exceptions_1               0x08000313   Thumb Code     0  libinit2.o(.ARM.Collect$$libinit$$00000030)
    __rt_lib_init_fp_trap_1                  0x08000313   Thumb Code     0  libinit2.o(.ARM.Collect$$libinit$$0000001F)
    __rt_lib_init_getenv_1                   0x08000313   Thumb Code     0  libinit2.o(.ARM.Collect$$libinit$$00000023)
    __rt_lib_init_heap_1                     0x08000313   Thumb Code     0  libinit2.o(.ARM.Collect$$libinit$$0000000A)
    __rt_lib_init_lc_collate_1               0x08000313   Thumb Code     0  libinit2.o(.ARM.Collect$$libinit$$00000011)
    __rt_lib_init_lc_ctype_1                 0x08000313   Thumb Code     0  libinit2.o(.ARM.Collect$$libinit$$00000013)
    __rt_lib_init_lc_monetary_1              0x08000313   Thumb Code     0  libinit2.o(.ARM.Collect$$libinit$$00000015)
    __rt_lib_init_lc_numeric_1               0x08000313   Thumb Code     0  libinit2.o(.ARM.Collect$$libinit$$00000017)
    __rt_lib_init_lc_time_1                  0x08000313   Thumb Code     0  libinit2.o(.ARM.Collect$$libinit$$00000019)
    __rt_lib_init_preinit_1                  0x08000313   Thumb Code     0  libinit2.o(.ARM.Collect$$libinit$$00000004)
    __rt_lib_init_rand_1                     0x08000313   Thumb Code     0  libinit2.o(.ARM.Collect$$libinit$$0000000E)
    __rt_lib_init_return                     0x08000313   Thumb Code     0  libinit2.o(.ARM.Collect$$libinit$$00000033)
    __rt_lib_init_signal_1                   0x08000313   Thumb Code     0  libinit2.o(.ARM.Collect$$libinit$$0000001D)
    __rt_lib_init_stdio_1                    0x08000313   Thumb Code     0  libinit2.o(.ARM.Collect$$libinit$$00000025)
    __rt_lib_init_user_alloc_1               0x08000313   Thumb Code     0  libinit2.o(.ARM.Collect$$libinit$$0000000C)
    __rt_lib_shutdown                        0x08000315   Thumb Code     0  libshutdown.o(.ARM.Collect$$libshutdown$$00000000)
    __rt_lib_shutdown_cpp_1                  0x08000317   Thumb Code     0  libshutdown2.o(.ARM.Collect$$libshutdown$$00000002)
    __rt_lib_shutdown_fp_trap_1              0x08000317   Thumb Code     0  libshutdown2.o(.ARM.Collect$$libshutdown$$00000007)
    __rt_lib_shutdown_heap_1                 0x08000317   Thumb Code     0  libshutdown2.o(.ARM.Collect$$libshutdown$$0000000F)
    __rt_lib_shutdown_return                 0x08000317   Thumb Code     0  libshutdown2.o(.ARM.Collect$$libshutdown$$00000010)
    __rt_lib_shutdown_signal_1               0x08000317   Thumb Code     0  libshutdown2.o(.ARM.Collect$$libshutdown$$0000000A)
    __rt_lib_shutdown_stdio_1                0x08000317   Thumb Code     0  libshutdown2.o(.ARM.Collect$$libshutdown$$00000004)
    __rt_lib_shutdown_user_alloc_1           0x08000317   Thumb Code     0  libshutdown2.o(.ARM.Collect$$libshutdown$$0000000C)
    __rt_entry                               0x08000319   Thumb Code     0  __rtentry.o(.ARM.Collect$$rtentry$$00000000)
    __rt_entry_presh_1                       0x08000319   Thumb Code     0  __rtentry2.o(.ARM.Collect$$rtentry$$00000002)
    __rt_entry_sh                            0x08000319   Thumb Code     0  __rtentry4.o(.ARM.Collect$$rtentry$$00000004)
    __rt_entry_postsh_1                      0x0800031f   Thumb Code     0  __rtentry2.o(.ARM.Collect$$rtentry$$00000008)
    __rt_entry_li                            0x08000327   Thumb Code     0  __rtentry2.o(.ARM.Collect$$rtentry$$0000000A)
    __rt_entry_main                          0x0800032b   Thumb Code     0  __rtentry2.o(.ARM.Collect$$rtentry$$0000000D)
    __rt_entry_postli_1                      0x0800032b   Thumb Code     0  __rtentry2.o(.ARM.Collect$$rtentry$$0000000C)
    __rt_exit                                0x08000333   Thumb Code     0  rtexit.o(.ARM.Collect$$rtexit$$00000000)
    __rt_exit_ls                             0x08000335   Thumb Code     0  rtexit2.o(.ARM.Collect$$rtexit$$00000003)
    __rt_exit_prels_1                        0x08000335   Thumb Code     0  rtexit2.o(.ARM.Collect$$rtexit$$00000002)
    __rt_exit_exit                           0x08000339   Thumb Code     0  rtexit2.o(.ARM.Collect$$rtexit$$00000004)
    SVC_Handler                              0x08000341   Thumb Code   152  irq_cm4f.o(.text)
    PendSV_Handler                           0x080003d9   Thumb Code    16  irq_cm4f.o(.text)
    SysTick_Handler                          0x080003e9   Thumb Code    16  irq_cm4f.o(.text)
    Reset_Handler                            0x08000405   Thumb Code     8  startup_stm32h743xx.o(.text)
    ADC3_IRQHandler                          0x0800041f   Thumb Code     0  startup_stm32h743xx.o(.text)
    ADC_IRQHandler                           0x0800041f   Thumb Code     0  startup_stm32h743xx.o(.text)
    BDMA_Channel2_IRQHandler                 0x0800041f   Thumb Code     0  startup_stm32h743xx.o(.text)
    BDMA_Channel3_IRQHandler                 0x0800041f   Thumb Code     0  startup_stm32h743xx.o(.text)
    BDMA_Channel4_IRQHandler                 0x0800041f   Thumb Code     0  startup_stm32h743xx.o(.text)
    BDMA_Channel5_IRQHandler                 0x0800041f   Thumb Code     0  startup_stm32h743xx.o(.text)
    BDMA_Channel6_IRQHandler                 0x0800041f   Thumb Code     0  startup_stm32h743xx.o(.text)
    BDMA_Channel7_IRQHandler                 0x0800041f   Thumb Code     0  startup_stm32h743xx.o(.text)
    CEC_IRQHandler                           0x0800041f   Thumb Code     0  startup_stm32h743xx.o(.text)
    COMP1_IRQHandler                         0x0800041f   Thumb Code     0  startup_stm32h743xx.o(.text)
    CRS_IRQHandler                           0x0800041f   Thumb Code     0  startup_stm32h743xx.o(.text)
    DCMI_IRQHandler                          0x0800041f   Thumb Code     0  startup_stm32h743xx.o(.text)
    DFSDM1_FLT0_IRQHandler                   0x0800041f   Thumb Code     0  startup_stm32h743xx.o(.text)
    DFSDM1_FLT1_IRQHandler                   0x0800041f   Thumb Code     0  startup_stm32h743xx.o(.text)
    DFSDM1_FLT2_IRQHandler                   0x0800041f   Thumb Code     0  startup_stm32h743xx.o(.text)
    DFSDM1_FLT3_IRQHandler                   0x0800041f   Thumb Code     0  startup_stm32h743xx.o(.text)
    DMA2D_IRQHandler                         0x0800041f   Thumb Code     0  startup_stm32h743xx.o(.text)
    DMA2_Stream2_IRQHandler                  0x0800041f   Thumb Code     0  startup_stm32h743xx.o(.text)
    DMA2_Stream3_IRQHandler                  0x0800041f   Thumb Code     0  startup_stm32h743xx.o(.text)
    DMA2_Stream4_IRQHandler                  0x0800041f   Thumb Code     0  startup_stm32h743xx.o(.text)
    DMA2_Stream5_IRQHandler                  0x0800041f   Thumb Code     0  startup_stm32h743xx.o(.text)
    DMA2_Stream6_IRQHandler                  0x0800041f   Thumb Code     0  startup_stm32h743xx.o(.text)
    DMA2_Stream7_IRQHandler                  0x0800041f   Thumb Code     0  startup_stm32h743xx.o(.text)
    DMAMUX1_OVR_IRQHandler                   0x0800041f   Thumb Code     0  startup_stm32h743xx.o(.text)
    DMAMUX2_OVR_IRQHandler                   0x0800041f   Thumb Code     0  startup_stm32h743xx.o(.text)
    ETH_IRQHandler                           0x0800041f   Thumb Code     0  startup_stm32h743xx.o(.text)
    ETH_WKUP_IRQHandler                      0x0800041f   Thumb Code     0  startup_stm32h743xx.o(.text)
    EXTI0_IRQHandler                         0x0800041f   Thumb Code     0  startup_stm32h743xx.o(.text)
    EXTI15_10_IRQHandler                     0x0800041f   Thumb Code     0  startup_stm32h743xx.o(.text)
    EXTI1_IRQHandler                         0x0800041f   Thumb Code     0  startup_stm32h743xx.o(.text)
    EXTI2_IRQHandler                         0x0800041f   Thumb Code     0  startup_stm32h743xx.o(.text)
    EXTI3_IRQHandler                         0x0800041f   Thumb Code     0  startup_stm32h743xx.o(.text)
    EXTI4_IRQHandler                         0x0800041f   Thumb Code     0  startup_stm32h743xx.o(.text)
    EXTI9_5_IRQHandler                       0x0800041f   Thumb Code     0  startup_stm32h743xx.o(.text)
    FDCAN1_IT0_IRQHandler                    0x0800041f   Thumb Code     0  startup_stm32h743xx.o(.text)
    FDCAN1_IT1_IRQHandler                    0x0800041f   Thumb Code     0  startup_stm32h743xx.o(.text)
    FDCAN2_IT0_IRQHandler                    0x0800041f   Thumb Code     0  startup_stm32h743xx.o(.text)
    FDCAN2_IT1_IRQHandler                    0x0800041f   Thumb Code     0  startup_stm32h743xx.o(.text)
    FDCAN_CAL_IRQHandler                     0x0800041f   Thumb Code     0  startup_stm32h743xx.o(.text)
    FLASH_IRQHandler                         0x0800041f   Thumb Code     0  startup_stm32h743xx.o(.text)
    FMC_IRQHandler                           0x0800041f   Thumb Code     0  startup_stm32h743xx.o(.text)
    FPU_IRQHandler                           0x0800041f   Thumb Code     0  startup_stm32h743xx.o(.text)
    HRTIM1_FLT_IRQHandler                    0x0800041f   Thumb Code     0  startup_stm32h743xx.o(.text)
    HRTIM1_Master_IRQHandler                 0x0800041f   Thumb Code     0  startup_stm32h743xx.o(.text)
    HRTIM1_TIMA_IRQHandler                   0x0800041f   Thumb Code     0  startup_stm32h743xx.o(.text)
    HRTIM1_TIMB_IRQHandler                   0x0800041f   Thumb Code     0  startup_stm32h743xx.o(.text)
    HRTIM1_TIMC_IRQHandler                   0x0800041f   Thumb Code     0  startup_stm32h743xx.o(.text)
    HRTIM1_TIMD_IRQHandler                   0x0800041f   Thumb Code     0  startup_stm32h743xx.o(.text)
    HRTIM1_TIME_IRQHandler                   0x0800041f   Thumb Code     0  startup_stm32h743xx.o(.text)
    HSEM1_IRQHandler                         0x0800041f   Thumb Code     0  startup_stm32h743xx.o(.text)
    I2C1_ER_IRQHandler                       0x0800041f   Thumb Code     0  startup_stm32h743xx.o(.text)
    I2C1_EV_IRQHandler                       0x0800041f   Thumb Code     0  startup_stm32h743xx.o(.text)
    I2C2_ER_IRQHandler                       0x0800041f   Thumb Code     0  startup_stm32h743xx.o(.text)
    I2C2_EV_IRQHandler                       0x0800041f   Thumb Code     0  startup_stm32h743xx.o(.text)
    I2C3_ER_IRQHandler                       0x0800041f   Thumb Code     0  startup_stm32h743xx.o(.text)
    I2C3_EV_IRQHandler                       0x0800041f   Thumb Code     0  startup_stm32h743xx.o(.text)
    I2C4_ER_IRQHandler                       0x0800041f   Thumb Code     0  startup_stm32h743xx.o(.text)
    I2C4_EV_IRQHandler                       0x0800041f   Thumb Code     0  startup_stm32h743xx.o(.text)
    JPEG_IRQHandler                          0x0800041f   Thumb Code     0  startup_stm32h743xx.o(.text)
    LPTIM1_IRQHandler                        0x0800041f   Thumb Code     0  startup_stm32h743xx.o(.text)
    LPTIM2_IRQHandler                        0x0800041f   Thumb Code     0  startup_stm32h743xx.o(.text)
    LPTIM3_IRQHandler                        0x0800041f   Thumb Code     0  startup_stm32h743xx.o(.text)
    LPTIM4_IRQHandler                        0x0800041f   Thumb Code     0  startup_stm32h743xx.o(.text)
    LPTIM5_IRQHandler                        0x0800041f   Thumb Code     0  startup_stm32h743xx.o(.text)
    LPUART1_IRQHandler                       0x0800041f   Thumb Code     0  startup_stm32h743xx.o(.text)
    LTDC_ER_IRQHandler                       0x0800041f   Thumb Code     0  startup_stm32h743xx.o(.text)
    LTDC_IRQHandler                          0x0800041f   Thumb Code     0  startup_stm32h743xx.o(.text)
    MDIOS_IRQHandler                         0x0800041f   Thumb Code     0  startup_stm32h743xx.o(.text)
    MDIOS_WKUP_IRQHandler                    0x0800041f   Thumb Code     0  startup_stm32h743xx.o(.text)
    MDMA_IRQHandler                          0x0800041f   Thumb Code     0  startup_stm32h743xx.o(.text)
    OTG_FS_EP1_IN_IRQHandler                 0x0800041f   Thumb Code     0  startup_stm32h743xx.o(.text)
    OTG_FS_EP1_OUT_IRQHandler                0x0800041f   Thumb Code     0  startup_stm32h743xx.o(.text)
    OTG_FS_IRQHandler                        0x0800041f   Thumb Code     0  startup_stm32h743xx.o(.text)
    OTG_FS_WKUP_IRQHandler                   0x0800041f   Thumb Code     0  startup_stm32h743xx.o(.text)
    OTG_HS_EP1_IN_IRQHandler                 0x0800041f   Thumb Code     0  startup_stm32h743xx.o(.text)
    OTG_HS_EP1_OUT_IRQHandler                0x0800041f   Thumb Code     0  startup_stm32h743xx.o(.text)
    OTG_HS_WKUP_IRQHandler                   0x0800041f   Thumb Code     0  startup_stm32h743xx.o(.text)
    PVD_AVD_IRQHandler                       0x0800041f   Thumb Code     0  startup_stm32h743xx.o(.text)
    QUADSPI_IRQHandler                       0x0800041f   Thumb Code     0  startup_stm32h743xx.o(.text)
    RCC_IRQHandler                           0x0800041f   Thumb Code     0  startup_stm32h743xx.o(.text)
    RNG_IRQHandler                           0x0800041f   Thumb Code     0  startup_stm32h743xx.o(.text)
    RTC_Alarm_IRQHandler                     0x0800041f   Thumb Code     0  startup_stm32h743xx.o(.text)
    RTC_WKUP_IRQHandler                      0x0800041f   Thumb Code     0  startup_stm32h743xx.o(.text)
    SAI1_IRQHandler                          0x0800041f   Thumb Code     0  startup_stm32h743xx.o(.text)
    SAI2_IRQHandler                          0x0800041f   Thumb Code     0  startup_stm32h743xx.o(.text)
    SAI3_IRQHandler                          0x0800041f   Thumb Code     0  startup_stm32h743xx.o(.text)
    SAI4_IRQHandler                          0x0800041f   Thumb Code     0  startup_stm32h743xx.o(.text)
    SDMMC1_IRQHandler                        0x0800041f   Thumb Code     0  startup_stm32h743xx.o(.text)
    SDMMC2_IRQHandler                        0x0800041f   Thumb Code     0  startup_stm32h743xx.o(.text)
    SPDIF_RX_IRQHandler                      0x0800041f   Thumb Code     0  startup_stm32h743xx.o(.text)
    SPI1_IRQHandler                          0x0800041f   Thumb Code     0  startup_stm32h743xx.o(.text)
    SPI3_IRQHandler                          0x0800041f   Thumb Code     0  startup_stm32h743xx.o(.text)
    SPI5_IRQHandler                          0x0800041f   Thumb Code     0  startup_stm32h743xx.o(.text)
    SPI6_IRQHandler                          0x0800041f   Thumb Code     0  startup_stm32h743xx.o(.text)
    SWPMI1_IRQHandler                        0x0800041f   Thumb Code     0  startup_stm32h743xx.o(.text)
    TAMP_STAMP_IRQHandler                    0x0800041f   Thumb Code     0  startup_stm32h743xx.o(.text)
    TIM15_IRQHandler                         0x0800041f   Thumb Code     0  startup_stm32h743xx.o(.text)
    TIM16_IRQHandler                         0x0800041f   Thumb Code     0  startup_stm32h743xx.o(.text)
    TIM17_IRQHandler                         0x0800041f   Thumb Code     0  startup_stm32h743xx.o(.text)
    TIM1_BRK_IRQHandler                      0x0800041f   Thumb Code     0  startup_stm32h743xx.o(.text)
    TIM1_CC_IRQHandler                       0x0800041f   Thumb Code     0  startup_stm32h743xx.o(.text)
    TIM1_TRG_COM_IRQHandler                  0x0800041f   Thumb Code     0  startup_stm32h743xx.o(.text)
    TIM1_UP_IRQHandler                       0x0800041f   Thumb Code     0  startup_stm32h743xx.o(.text)
    TIM2_IRQHandler                          0x0800041f   Thumb Code     0  startup_stm32h743xx.o(.text)
    TIM3_IRQHandler                          0x0800041f   Thumb Code     0  startup_stm32h743xx.o(.text)
    TIM4_IRQHandler                          0x0800041f   Thumb Code     0  startup_stm32h743xx.o(.text)
    TIM5_IRQHandler                          0x0800041f   Thumb Code     0  startup_stm32h743xx.o(.text)
    TIM6_DAC_IRQHandler                      0x0800041f   Thumb Code     0  startup_stm32h743xx.o(.text)
    TIM7_IRQHandler                          0x0800041f   Thumb Code     0  startup_stm32h743xx.o(.text)
    TIM8_BRK_TIM12_IRQHandler                0x0800041f   Thumb Code     0  startup_stm32h743xx.o(.text)
    TIM8_CC_IRQHandler                       0x0800041f   Thumb Code     0  startup_stm32h743xx.o(.text)
    TIM8_TRG_COM_TIM14_IRQHandler            0x0800041f   Thumb Code     0  startup_stm32h743xx.o(.text)
    TIM8_UP_TIM13_IRQHandler                 0x0800041f   Thumb Code     0  startup_stm32h743xx.o(.text)
    UART4_IRQHandler                         0x0800041f   Thumb Code     0  startup_stm32h743xx.o(.text)
    UART5_IRQHandler                         0x0800041f   Thumb Code     0  startup_stm32h743xx.o(.text)
    UART7_IRQHandler                         0x0800041f   Thumb Code     0  startup_stm32h743xx.o(.text)
    UART8_IRQHandler                         0x0800041f   Thumb Code     0  startup_stm32h743xx.o(.text)
    USART1_IRQHandler                        0x0800041f   Thumb Code     0  startup_stm32h743xx.o(.text)
    USART2_IRQHandler                        0x0800041f   Thumb Code     0  startup_stm32h743xx.o(.text)
    USART3_IRQHandler                        0x0800041f   Thumb Code     0  startup_stm32h743xx.o(.text)
    USART6_IRQHandler                        0x0800041f   Thumb Code     0  startup_stm32h743xx.o(.text)
    WAKEUP_PIN_IRQHandler                    0x0800041f   Thumb Code     0  startup_stm32h743xx.o(.text)
    WWDG_IRQHandler                          0x0800041f   Thumb Code     0  startup_stm32h743xx.o(.text)
    __user_initial_stackheap                 0x08000421   Thumb Code     0  startup_stm32h743xx.o(.text)
    __aeabi_uldivmod                         0x08000445   Thumb Code     0  lludivv7m.o(.text)
    _ll_udiv                                 0x08000445   Thumb Code   238  lludivv7m.o(.text)
    __aeabi_memclr4                          0x08000533   Thumb Code     0  rt_memclr_w.o(.text)
    __aeabi_memclr8                          0x08000533   Thumb Code     0  rt_memclr_w.o(.text)
    __rt_memclr_w                            0x08000533   Thumb Code    78  rt_memclr_w.o(.text)
    _memset_w                                0x08000537   Thumb Code     0  rt_memclr_w.o(.text)
    __use_two_region_memory                  0x08000581   Thumb Code     2  heapauxi.o(.text)
    __rt_heap_escrow$2region                 0x08000583   Thumb Code     2  heapauxi.o(.text)
    __rt_heap_expand$2region                 0x08000585   Thumb Code     2  heapauxi.o(.text)
    __user_setup_stackheap                   0x08000587   Thumb Code    74  sys_stackheap_outer.o(.text)
    exit                                     0x080005d1   Thumb Code    18  exit.o(.text)
    __user_libspace                          0x080005e5   Thumb Code     8  libspace.o(.text)
    __user_perproc_libspace                  0x080005e5   Thumb Code     0  libspace.o(.text)
    _sys_exit                                0x080005ed   Thumb Code     8  sys_exit.o(.text)
    __I$use$semihosting                      0x080005f9   Thumb Code     0  use_no_semi.o(.text)
    __use_no_semihosting_swi                 0x080005f9   Thumb Code     2  use_no_semi.o(.text)
    __semihosting_library_function           0x080005fb   Thumb Code     0  indicate_semi.o(.text)
    BDMA_Channel0_IRQHandler                 0x080005fd   Thumb Code    12  stm32h7xx_it.o(.text.BDMA_Channel0_IRQHandler)
    BDMA_Channel1_IRQHandler                 0x08000609   Thumb Code    12  stm32h7xx_it.o(.text.BDMA_Channel1_IRQHandler)
    BusFault_Handler                         0x08000615   Thumb Code     2  stm32h7xx_it.o(.text.BusFault_Handler)
    DMA1_Stream0_IRQHandler                  0x08000619   Thumb Code    12  stm32h7xx_it.o(.text.DMA1_Stream0_IRQHandler)
    DMA1_Stream1_IRQHandler                  0x08000625   Thumb Code    12  stm32h7xx_it.o(.text.DMA1_Stream1_IRQHandler)
    DMA1_Stream2_IRQHandler                  0x08000631   Thumb Code    12  stm32h7xx_it.o(.text.DMA1_Stream2_IRQHandler)
    DMA1_Stream3_IRQHandler                  0x0800063d   Thumb Code    12  stm32h7xx_it.o(.text.DMA1_Stream3_IRQHandler)
    DMA1_Stream4_IRQHandler                  0x08000649   Thumb Code    12  stm32h7xx_it.o(.text.DMA1_Stream4_IRQHandler)
    DMA1_Stream5_IRQHandler                  0x08000655   Thumb Code    12  stm32h7xx_it.o(.text.DMA1_Stream5_IRQHandler)
    DMA1_Stream6_IRQHandler                  0x08000661   Thumb Code    12  stm32h7xx_it.o(.text.DMA1_Stream6_IRQHandler)
    DMA1_Stream7_IRQHandler                  0x0800066d   Thumb Code    12  stm32h7xx_it.o(.text.DMA1_Stream7_IRQHandler)
    DMA2_Stream0_IRQHandler                  0x08000679   Thumb Code    12  stm32h7xx_it.o(.text.DMA2_Stream0_IRQHandler)
    DMA2_Stream1_IRQHandler                  0x08000685   Thumb Code    12  stm32h7xx_it.o(.text.DMA2_Stream1_IRQHandler)
    DebugMon_Handler                         0x0800076d   Thumb Code     2  stm32h7xx_it.o(.text.DebugMon_Handler)
    Error_Handler                            0x0800076f   Thumb Code     2  main.o(.text.Error_Handler)
    EvrRtxEventFlagsWaitTimeout              0x08000771   Thumb Code     2  rtx_evr.o(.text.EvrRtxEventFlagsWaitTimeout)
    EvrRtxKernelError                        0x08000773   Thumb Code     2  rtx_evr.o(.text.EvrRtxKernelError)
    EvrRtxKernelGetState                     0x08000775   Thumb Code     2  rtx_evr.o(.text.EvrRtxKernelGetState)
    EvrRtxKernelInitialize                   0x08000777   Thumb Code     2  rtx_evr.o(.text.EvrRtxKernelInitialize)
    EvrRtxKernelInitialized                  0x08000779   Thumb Code     2  rtx_evr.o(.text.EvrRtxKernelInitialized)
    EvrRtxMemoryAlloc                        0x0800077b   Thumb Code     2  rtx_evr.o(.text.EvrRtxMemoryAlloc)
    EvrRtxMemoryBlockAlloc                   0x0800077d   Thumb Code     2  rtx_evr.o(.text.EvrRtxMemoryBlockAlloc)
    EvrRtxMemoryBlockFree                    0x0800077f   Thumb Code     2  rtx_evr.o(.text.EvrRtxMemoryBlockFree)
    EvrRtxMemoryBlockInit                    0x08000781   Thumb Code     2  rtx_evr.o(.text.EvrRtxMemoryBlockInit)
    EvrRtxMemoryFree                         0x08000783   Thumb Code     2  rtx_evr.o(.text.EvrRtxMemoryFree)
    EvrRtxMemoryInit                         0x08000785   Thumb Code     2  rtx_evr.o(.text.EvrRtxMemoryInit)
    EvrRtxMemoryPoolAllocTimeout             0x08000787   Thumb Code     2  rtx_evr.o(.text.EvrRtxMemoryPoolAllocTimeout)
    EvrRtxMessageQueueGetTimeout             0x08000789   Thumb Code     2  rtx_evr.o(.text.EvrRtxMessageQueueGetTimeout)
    EvrRtxMessageQueuePutTimeout             0x0800078b   Thumb Code     2  rtx_evr.o(.text.EvrRtxMessageQueuePutTimeout)
    EvrRtxMutexAcquire                       0x0800078d   Thumb Code     2  rtx_evr.o(.text.EvrRtxMutexAcquire)
    EvrRtxMutexAcquirePending                0x0800078f   Thumb Code     2  rtx_evr.o(.text.EvrRtxMutexAcquirePending)
    EvrRtxMutexAcquireTimeout                0x08000791   Thumb Code     2  rtx_evr.o(.text.EvrRtxMutexAcquireTimeout)
    EvrRtxMutexAcquired                      0x08000793   Thumb Code     2  rtx_evr.o(.text.EvrRtxMutexAcquired)
    EvrRtxMutexCreated                       0x08000795   Thumb Code     2  rtx_evr.o(.text.EvrRtxMutexCreated)
    EvrRtxMutexDelete                        0x08000797   Thumb Code     2  rtx_evr.o(.text.EvrRtxMutexDelete)
    EvrRtxMutexDestroyed                     0x08000799   Thumb Code     2  rtx_evr.o(.text.EvrRtxMutexDestroyed)
    EvrRtxMutexError                         0x0800079b   Thumb Code     2  rtx_evr.o(.text.EvrRtxMutexError)
    EvrRtxMutexNew                           0x0800079d   Thumb Code     2  rtx_evr.o(.text.EvrRtxMutexNew)
    EvrRtxMutexNotAcquired                   0x0800079f   Thumb Code     2  rtx_evr.o(.text.EvrRtxMutexNotAcquired)
    EvrRtxMutexRelease                       0x080007a1   Thumb Code     2  rtx_evr.o(.text.EvrRtxMutexRelease)
    EvrRtxMutexReleased                      0x080007a3   Thumb Code     2  rtx_evr.o(.text.EvrRtxMutexReleased)
    EvrRtxSemaphoreAcquireTimeout            0x080007a5   Thumb Code     2  rtx_evr.o(.text.EvrRtxSemaphoreAcquireTimeout)
    EvrRtxThreadBlocked                      0x080007a7   Thumb Code     2  rtx_evr.o(.text.EvrRtxThreadBlocked)
    EvrRtxThreadDelayCompleted               0x080007a9   Thumb Code     2  rtx_evr.o(.text.EvrRtxThreadDelayCompleted)
    EvrRtxThreadFlagsWaitTimeout             0x080007ab   Thumb Code     2  rtx_evr.o(.text.EvrRtxThreadFlagsWaitTimeout)
    EvrRtxThreadPreempted                    0x080007ad   Thumb Code     2  rtx_evr.o(.text.EvrRtxThreadPreempted)
    EvrRtxThreadSwitched                     0x080007af   Thumb Code     2  rtx_evr.o(.text.EvrRtxThreadSwitched)
    EvrRtxThreadUnblocked                    0x080007b1   Thumb Code     2  rtx_evr.o(.text.EvrRtxThreadUnblocked)
    HAL_ADCEx_MultiModeConfigChannel         0x080007b5   Thumb Code   212  stm32h7xx_hal_adc_ex.o(.text.HAL_ADCEx_MultiModeConfigChannel)
    HAL_ADC_ConfigChannel                    0x08000889   Thumb Code   936  stm32h7xx_hal_adc.o(.text.HAL_ADC_ConfigChannel)
    HAL_ADC_Init                             0x08000c29   Thumb Code   552  stm32h7xx_hal_adc.o(.text.HAL_ADC_Init)
    HAL_ADC_MspInit                          0x08000e4d   Thumb Code   136  stm32h7xx_hal_msp.o(.text.HAL_ADC_MspInit)
    HAL_DAC_ConfigChannel                    0x08000ed1   Thumb Code   256  stm32h7xx_hal_dac.o(.text.HAL_DAC_ConfigChannel)
    HAL_DAC_Init                             0x08000fd1   Thumb Code    38  stm32h7xx_hal_dac.o(.text.HAL_DAC_Init)
    HAL_DAC_MspInit                          0x08000ff9   Thumb Code    96  stm32h7xx_hal_msp.o(.text.HAL_DAC_MspInit)
    HAL_DMA_Abort_IT                         0x08001059   Thumb Code   164  stm32h7xx_hal_dma.o(.text.HAL_DMA_Abort_IT)
    HAL_DMA_IRQHandler                       0x080010f1   Thumb Code   712  stm32h7xx_hal_dma.o(.text.HAL_DMA_IRQHandler)
    HAL_DMA_Init                             0x080013b9   Thumb Code   480  stm32h7xx_hal_dma.o(.text.HAL_DMA_Init)
    HAL_Delay                                0x08001599   Thumb Code    36  stm32h7xx_hal.o(.text.HAL_Delay)
    HAL_GPIO_Init                            0x080015bd   Thumb Code   388  stm32h7xx_hal_gpio.o(.text.HAL_GPIO_Init)
    HAL_GetTick                              0x08001741   Thumb Code    12  stm32h7xx_hal.o(.text.HAL_GetTick)
    HAL_HCD_Init                             0x0800174d   Thumb Code   154  stm32h7xx_hal_hcd.o(.text.HAL_HCD_Init)
    HAL_HCD_MspInit                          0x080017e9   Thumb Code   220  stm32h7xx_hal_msp.o(.text.HAL_HCD_MspInit)
    HAL_I2CEx_ConfigAnalogFilter             0x080018c5   Thumb Code    74  stm32h7xx_hal_i2c_ex.o(.text.HAL_I2CEx_ConfigAnalogFilter)
    HAL_I2CEx_ConfigDigitalFilter            0x0800190f   Thumb Code    72  stm32h7xx_hal_i2c_ex.o(.text.HAL_I2CEx_ConfigDigitalFilter)
    HAL_I2C_Init                             0x08001959   Thumb Code   160  stm32h7xx_hal_i2c.o(.text.HAL_I2C_Init)
    HAL_I2C_MspInit                          0x080019f9   Thumb Code   384  stm32h7xx_hal_msp.o(.text.HAL_I2C_MspInit)
    HAL_Init                                 0x08001b79   Thumb Code    28  stm32h7xx_hal.o(.text.HAL_Init)
    HAL_InitTick                             0x08001b95   Thumb Code    68  stm32h7xx_hal.o(.text.HAL_InitTick)
    HAL_MspInit                              0x08001bd5   Thumb Code    32  stm32h7xx_hal_msp.o(.text.HAL_MspInit)
    HAL_NVIC_EnableIRQ                       0x08001bf5   Thumb Code    28  stm32h7xx_hal_cortex.o(.text.HAL_NVIC_EnableIRQ)
    HAL_NVIC_SetPriority                     0x08001c11   Thumb Code    68  stm32h7xx_hal_cortex.o(.text.HAL_NVIC_SetPriority)
    HAL_NVIC_SetPriorityGrouping             0x08001c51   Thumb Code    32  stm32h7xx_hal_cortex.o(.text.HAL_NVIC_SetPriorityGrouping)
    HAL_RCCEx_GetD1SysClockFreq              0x08001c71   Thumb Code    40  stm32h7xx_hal_rcc_ex.o(.text.HAL_RCCEx_GetD1SysClockFreq)
    HAL_RCCEx_GetD3PCLK1Freq                 0x08001c95   Thumb Code    32  stm32h7xx_hal_rcc_ex.o(.text.HAL_RCCEx_GetD3PCLK1Freq)
    HAL_RCCEx_GetPLL2ClockFreq               0x08001cb5   Thumb Code   224  stm32h7xx_hal_rcc_ex.o(.text.HAL_RCCEx_GetPLL2ClockFreq)
    HAL_RCCEx_GetPLL3ClockFreq               0x08001d95   Thumb Code   224  stm32h7xx_hal_rcc_ex.o(.text.HAL_RCCEx_GetPLL3ClockFreq)
    HAL_RCCEx_PeriphCLKConfig                0x08001e75   Thumb Code  2000  stm32h7xx_hal_rcc_ex.o(.text.HAL_RCCEx_PeriphCLKConfig)
    HAL_RCC_ClockConfig                      0x08002645   Thumb Code   440  stm32h7xx_hal_rcc.o(.text.HAL_RCC_ClockConfig)
    HAL_RCC_GetHCLKFreq                      0x080027f5   Thumb Code    40  stm32h7xx_hal_rcc.o(.text.HAL_RCC_GetHCLKFreq)
    HAL_RCC_GetPCLK1Freq                     0x08002819   Thumb Code    32  stm32h7xx_hal_rcc.o(.text.HAL_RCC_GetPCLK1Freq)
    HAL_RCC_GetPCLK2Freq                     0x08002831   Thumb Code    32  stm32h7xx_hal_rcc.o(.text.HAL_RCC_GetPCLK2Freq)
    HAL_RCC_GetSysClockFreq                  0x08002851   Thumb Code   212  stm32h7xx_hal_rcc.o(.text.HAL_RCC_GetSysClockFreq)
    HAL_RCC_OscConfig                        0x08002925   Thumb Code  1076  stm32h7xx_hal_rcc.o(.text.HAL_RCC_OscConfig)
    HAL_SPIEx_FlushRxFifo                    0x08002d59   Thumb Code    88  stm32h7xx_hal_spi_ex.o(.text.HAL_SPIEx_FlushRxFifo)
    HAL_SPI_ErrorCallback                    0x08002da5   Thumb Code    76  spi_stm32h7xx.o(.text.HAL_SPI_ErrorCallback)
    HAL_SPI_GetError                         0x08002ded   Thumb Code     6  stm32h7xx_hal_spi.o(.text.HAL_SPI_GetError)
    HAL_SPI_IRQHandler                       0x08002df5   Thumb Code   524  stm32h7xx_hal_spi.o(.text.HAL_SPI_IRQHandler)
    HAL_SPI_Init                             0x08003001   Thumb Code   332  stm32h7xx_hal_spi.o(.text.HAL_SPI_Init)
    HAL_SPI_MspInit                          0x0800314d   Thumb Code   520  stm32h7xx_hal_msp.o(.text.HAL_SPI_MspInit)
    HAL_SPI_RxCpltCallback                   0x08003351   Thumb Code     4  spi_stm32h7xx.o(.text.HAL_SPI_RxCpltCallback)
    HAL_SPI_TxCpltCallback                   0x08003355   Thumb Code    56  spi_stm32h7xx.o(.text.HAL_SPI_TxCpltCallback)
    HAL_SPI_TxRxCpltCallback                 0x0800338d   Thumb Code     4  spi_stm32h7xx.o(.text.HAL_SPI_TxRxCpltCallback)
    HAL_SYSTICK_Config                       0x08003391   Thumb Code    40  stm32h7xx_hal_cortex.o(.text.HAL_SYSTICK_Config)
    HAL_UART_Init                            0x080033b5   Thumb Code   100  stm32h7xx_hal_uart.o(.text.HAL_UART_Init)
    HAL_UART_MspInit                         0x08003419   Thumb Code   488  stm32h7xx_hal_msp.o(.text.HAL_UART_MspInit)
    HardFault_Handler                        0x08003601   Thumb Code     2  stm32h7xx_it.o(.text.HardFault_Handler)
    MemManage_Handler                        0x08003603   Thumb Code     2  stm32h7xx_it.o(.text.MemManage_Handler)
    NMI_Handler                              0x08003605   Thumb Code     2  stm32h7xx_it.o(.text.NMI_Handler)
    OS_Tick_AcknowledgeIRQ                   0x08003609   Thumb Code    12  os_systick.o(.text.OS_Tick_AcknowledgeIRQ)
    OTG_HS_IRQHandler                        0x08003615   Thumb Code    16  otg_stm32h7xx.o(.text.OTG_HS_IRQHandler)
    SPI2_IRQHandler                          0x080037e9   Thumb Code    12  stm32h7xx_it.o(.text.SPI2_IRQHandler)
    SPI4_IRQHandler                          0x080037f5   Thumb Code    12  stm32h7xx_it.o(.text.SPI4_IRQHandler)
    SystemClock_Config                       0x0800392d   Thumb Code   212  main.o(.text.SystemClock_Config)
    SystemInit                               0x08003a01   Thumb Code   100  system_stm32h7xx.o(.text.SystemInit)
    UART_AdvFeatureConfig                    0x08003a65   Thumb Code   198  stm32h7xx_hal_uart.o(.text.UART_AdvFeatureConfig)
    UART_CheckIdleState                      0x08003b2d   Thumb Code   100  stm32h7xx_hal_uart.o(.text.UART_CheckIdleState)
    UART_SetConfig                           0x08003b91   Thumb Code  1272  stm32h7xx_hal_uart.o(.text.UART_SetConfig)
    UART_WaitOnFlagUntilTimeout              0x08004089   Thumb Code   106  stm32h7xx_hal_uart.o(.text.UART_WaitOnFlagUntilTimeout)
    USBH_HS1_IRQ                             0x080040f5   Thumb Code   996  usbh_hs1_stm32h7xx.o(.text.USBH_HS1_IRQ)
    USB_CoreInit                             0x0800466d   Thumb Code   108  stm32h7xx_ll_usb.o(.text.USB_CoreInit)
    USB_DisableGlobalInt                     0x08004709   Thumb Code    14  stm32h7xx_ll_usb.o(.text.USB_DisableGlobalInt)
    USB_DriveVbus                            0x08004717   Thumb Code    66  stm32h7xx_ll_usb.o(.text.USB_DriveVbus)
    USB_FlushRxFifo                          0x08004759   Thumb Code    36  stm32h7xx_ll_usb.o(.text.USB_FlushRxFifo)
    USB_HostInit                             0x08004779   Thumb Code   220  stm32h7xx_ll_usb.o(.text.USB_HostInit)
    USB_SetCurrentMode                       0x08004855   Thumb Code    42  stm32h7xx_ll_usb.o(.text.USB_SetCurrentMode)
    UsageFault_Handler                       0x0800487f   Thumb Code     2  stm32h7xx_it.o(.text.UsageFault_Handler)
    _mutex_acquire                           0x080048a1   Thumb Code    26  rtx_lib.o(.text._mutex_acquire)
    _mutex_free                              0x080048bb   Thumb Code     6  rtx_lib.o(.text._mutex_free)
    _mutex_initialize                        0x080048c1   Thumb Code    32  rtx_lib.o(.text._mutex_initialize)
    _mutex_release                           0x080048e1   Thumb Code    22  rtx_lib.o(.text._mutex_release)
    _platform_post_stackheap_init            0x080048f7   Thumb Code     4  rtx_lib.o(.text._platform_post_stackheap_init)
    main                                     0x080048fd   Thumb Code   948  main.o(.text.main)
    osKernelGetState                         0x08004cb1   Thumb Code    44  rtx_kernel.o(.text.osKernelGetState)
    osKernelInitialize                       0x08004cdd   Thumb Code    56  rtx_kernel.o(.text.osKernelInitialize)
    osMutexAcquire                           0x08004d15   Thumb Code    60  rtx_mutex.o(.text.osMutexAcquire)
    osMutexDelete                            0x08004d51   Thumb Code    56  rtx_mutex.o(.text.osMutexDelete)
    osMutexNew                               0x08004d89   Thumb Code    60  rtx_mutex.o(.text.osMutexNew)
    osMutexRelease                           0x08004dc5   Thumb Code    56  rtx_mutex.o(.text.osMutexRelease)
    osRtxErrorNotify                         0x08004dfd   Thumb Code     2  rtx_config.o(.text.osRtxErrorNotify)
    osRtxKernelPreInit                       0x08004dff   Thumb Code     2  rtx_lib.o(.text.osRtxKernelPreInit)
    osRtxMemoryAlloc                         0x08004e01   Thumb Code   146  rtx_memory.o(.text.osRtxMemoryAlloc)
    osRtxMemoryFree                          0x08004e93   Thumb Code    86  rtx_memory.o(.text.osRtxMemoryFree)
    osRtxMemoryInit                          0x08004ee9   Thumb Code    64  rtx_memory.o(.text.osRtxMemoryInit)
    osRtxMemoryPoolAlloc                     0x08004f29   Thumb Code    66  rtx_mempool.o(.text.osRtxMemoryPoolAlloc)
    osRtxMemoryPoolFree                      0x08004f6b   Thumb Code    86  rtx_mempool.o(.text.osRtxMemoryPoolFree)
    osRtxMemoryPoolInit                      0x08004fc1   Thumb Code    86  rtx_mempool.o(.text.osRtxMemoryPoolInit)
    osRtxPendSV_Handler                      0x08005019   Thumb Code   140  rtx_system.o(.text.osRtxPendSV_Handler)
    osRtxThreadDelayTick                     0x080051c5   Thumb Code   236  rtx_thread.o(.text.osRtxThreadDelayTick)
    osRtxThreadDispatch                      0x080052ad   Thumb Code   116  rtx_thread.o(.text.osRtxThreadDispatch)
    osRtxThreadListGet                       0x0800531d   Thumb Code    22  rtx_thread.o(.text.osRtxThreadListGet)
    osRtxThreadListPut                       0x08005333   Thumb Code    48  rtx_thread.o(.text.osRtxThreadListPut)
    osRtxThreadListRemove                    0x08005363   Thumb Code    20  rtx_thread.o(.text.osRtxThreadListRemove)
    osRtxThreadListSort                      0x08005377   Thumb Code    40  rtx_thread.o(.text.osRtxThreadListSort)
    osRtxThreadReadyPut                      0x080053a1   Thumb Code    24  rtx_thread.o(.text.osRtxThreadReadyPut)
    osRtxThreadStackCheck                    0x080053b5   Thumb Code    40  rtx_thread.o(.text.osRtxThreadStackCheck)
    osRtxThreadSwitch                        0x080053d9   Thumb Code    32  rtx_thread.o(.text.osRtxThreadSwitch)
    osRtxThreadWaitEnter                     0x080053f9   Thumb Code    72  rtx_thread.o(.text.osRtxThreadWaitEnter)
    osRtxThreadWaitExit                      0x08005441   Thumb Code    56  rtx_thread.o(.text.osRtxThreadWaitExit)
    osRtxTick_Handler                        0x08005479   Thumb Code   120  rtx_system.o(.text.osRtxTick_Handler)
    _fp_init                                 0x080059a9   Thumb Code    26  fpinit.o(x$fpl$fpinit)
    __fplib_config_fpu_vfp                   0x080059c1   Thumb Code     0  fpinit.o(x$fpl$fpinit)
    __fplib_config_pureend_doubles           0x080059c1   Thumb Code     0  fpinit.o(x$fpl$fpinit)
    osRtxConfig                              0x080059c4   Data         104  rtx_lib.o(.rodata)
    os_cb_sections                           0x08005a2c   Data          56  rtx_lib.o(.rodata)
    D1CorePrescTable                         0x08005a64   Data          16  system_stm32h7xx.o(.rodata.D1CorePrescTable)
    osRtxUserSVC                             0x08005b14   Data           4  rtx_lib.o(.rodata.osRtxUserSVC)
    Region$$Table$$Base                      0x08005b84   Number         0  anon$$obj.o(Region$$Table)
    Region$$Table$$Limit                     0x08005ba4   Number         0  anon$$obj.o(Region$$Table)
    SystemCoreClock                          0x24000008   Data           4  system_stm32h7xx.o(.data.SystemCoreClock)
    SystemD2Clock                            0x2400000c   Data           4  system_stm32h7xx.o(.data.SystemD2Clock)
    osRtxInfo                                0x24000010   Data         164  rtx_kernel.o(.data.os)
    __libspace_start                         0x240000b8   Data          96  libspace.o(.bss)
    __temporary_stack_top$libspace           0x24000118   Data           0  libspace.o(.bss)
    hdac1                                    0x24000118   Data          20  main.o(.bss..L_MergedGlobals)
    hi2c1                                    0x2400012c   Data          76  main.o(.bss..L_MergedGlobals)
    hadc1                                    0x240001bc   Data         100  main.o(.bss.hadc1)
    hdma_i2c1_rx                             0x24000220   Data         120  main.o(.bss.hdma_i2c1_rx)
    hdma_i2c1_tx                             0x24000298   Data         120  main.o(.bss.hdma_i2c1_tx)
    hdma_i2c4_rx                             0x24000310   Data         120  main.o(.bss.hdma_i2c4_rx)
    hdma_i2c4_tx                             0x24000388   Data         120  main.o(.bss.hdma_i2c4_tx)
    hdma_spi2_rx                             0x24000400   Data         120  main.o(.bss.hdma_spi2_rx)
    hdma_spi2_tx                             0x24000478   Data         120  main.o(.bss.hdma_spi2_tx)
    hdma_spi4_rx                             0x240004f0   Data         120  main.o(.bss.hdma_spi4_rx)
    hdma_spi4_tx                             0x24000568   Data         120  main.o(.bss.hdma_spi4_tx)
    hdma_uart4_rx                            0x240005e0   Data         120  main.o(.bss.hdma_uart4_rx)
    hdma_uart4_tx                            0x24000658   Data         120  main.o(.bss.hdma_uart4_tx)
    hdma_uart5_rx                            0x240006d0   Data         120  main.o(.bss.hdma_uart5_rx)
    hdma_uart5_tx                            0x24000748   Data         120  main.o(.bss.hdma_uart5_tx)
    hhcd_USB_OTG_HS                          0x240007c0   Data         664  main.o(.bss.hhcd_USB_OTG_HS)
    hi2c4                                    0x24000a58   Data          76  main.o(.bss.hi2c4)
    hspi2                                    0x24000aa4   Data         136  main.o(.bss.hspi2)
    hspi4                                    0x24000b2c   Data         136  main.o(.bss.hspi4)
    huart4                                   0x24000bb4   Data         128  main.o(.bss.huart4)
    huart5                                   0x24000c34   Data         128  main.o(.bss.huart5)
    .bss.os.msgqueue.cb$$Base                0x24001cf8   Number         0  rtx_lib.o(.bss.os.msgqueue.cb)
    .bss.os.msgqueue.cb$$Limit               0x24001d2c   Number         0  rtx_lib.o(.bss.os.msgqueue.cb)
    .bss.os.thread.cb$$Base                  0x24001d7c   Number         0  rtx_lib.o(.bss.os.thread.cb)
    .bss.os.thread.cb$$Limit                 0x24001e04   Number         0  rtx_lib.o(.bss.os.thread.cb)



==============================================================================

Memory Map of the image

  Image Entry point : 0x08000299

  Load Region LR_IROM1 (Base: 0x08000000, Size: 0x00005c60, Max: 0x00200000, ABSOLUTE)

    Execution Region ER_IROM1 (Exec base: 0x08000000, Load base: 0x08000000, Size: 0x00005ba4, Max: 0x00200000, ABSOLUTE)

    Exec Addr    Load Addr    Size         Type   Attr      Idx    E Section Name        Object

    0x08000000   0x08000000   0x00000298   Data   RO         2694    RESET               startup_stm32h743xx.o
    0x08000298   0x08000298   0x00000008   Code   RO         2727  * !!!main             c_w.l(__main.o)
    0x080002a0   0x080002a0   0x00000034   Code   RO         2900    !!!scatter          c_w.l(__scatter.o)
    0x080002d4   0x080002d4   0x0000001a   Code   RO         2902    !!handler_copy      c_w.l(__scatter_copy.o)
    0x080002ee   0x080002ee   0x00000002   PAD
    0x080002f0   0x080002f0   0x0000001c   Code   RO         2904    !!handler_zi        c_w.l(__scatter_zi.o)
    0x0800030c   0x0800030c   0x00000002   Code   RO         2764    .ARM.Collect$$libinit$$00000000  c_w.l(libinit.o)
    0x0800030e   0x0800030e   0x00000004   Code   RO         2776    .ARM.Collect$$libinit$$00000001  c_w.l(libinit2.o)
    0x08000312   0x08000312   0x00000000   Code   RO         2779    .ARM.Collect$$libinit$$00000004  c_w.l(libinit2.o)
    0x08000312   0x08000312   0x00000000   Code   RO         2782    .ARM.Collect$$libinit$$0000000A  c_w.l(libinit2.o)
    0x08000312   0x08000312   0x00000000   Code   RO         2784    .ARM.Collect$$libinit$$0000000C  c_w.l(libinit2.o)
    0x08000312   0x08000312   0x00000000   Code   RO         2786    .ARM.Collect$$libinit$$0000000E  c_w.l(libinit2.o)
    0x08000312   0x08000312   0x00000000   Code   RO         2789    .ARM.Collect$$libinit$$00000011  c_w.l(libinit2.o)
    0x08000312   0x08000312   0x00000000   Code   RO         2791    .ARM.Collect$$libinit$$00000013  c_w.l(libinit2.o)
    0x08000312   0x08000312   0x00000000   Code   RO         2793    .ARM.Collect$$libinit$$00000015  c_w.l(libinit2.o)
    0x08000312   0x08000312   0x00000000   Code   RO         2795    .ARM.Collect$$libinit$$00000017  c_w.l(libinit2.o)
    0x08000312   0x08000312   0x00000000   Code   RO         2797    .ARM.Collect$$libinit$$00000019  c_w.l(libinit2.o)
    0x08000312   0x08000312   0x00000000   Code   RO         2799    .ARM.Collect$$libinit$$0000001B  c_w.l(libinit2.o)
    0x08000312   0x08000312   0x00000000   Code   RO         2801    .ARM.Collect$$libinit$$0000001D  c_w.l(libinit2.o)
    0x08000312   0x08000312   0x00000000   Code   RO         2803    .ARM.Collect$$libinit$$0000001F  c_w.l(libinit2.o)
    0x08000312   0x08000312   0x00000000   Code   RO         2805    .ARM.Collect$$libinit$$00000021  c_w.l(libinit2.o)
    0x08000312   0x08000312   0x00000000   Code   RO         2807    .ARM.Collect$$libinit$$00000023  c_w.l(libinit2.o)
    0x08000312   0x08000312   0x00000000   Code   RO         2809    .ARM.Collect$$libinit$$00000025  c_w.l(libinit2.o)
    0x08000312   0x08000312   0x00000000   Code   RO         2813    .ARM.Collect$$libinit$$0000002C  c_w.l(libinit2.o)
    0x08000312   0x08000312   0x00000000   Code   RO         2815    .ARM.Collect$$libinit$$0000002E  c_w.l(libinit2.o)
    0x08000312   0x08000312   0x00000000   Code   RO         2817    .ARM.Collect$$libinit$$00000030  c_w.l(libinit2.o)
    0x08000312   0x08000312   0x00000000   Code   RO         2819    .ARM.Collect$$libinit$$00000032  c_w.l(libinit2.o)
    0x08000312   0x08000312   0x00000002   Code   RO         2820    .ARM.Collect$$libinit$$00000033  c_w.l(libinit2.o)
    0x08000314   0x08000314   0x00000002   Code   RO         2855    .ARM.Collect$$libshutdown$$00000000  c_w.l(libshutdown.o)
    0x08000316   0x08000316   0x00000000   Code   RO         2883    .ARM.Collect$$libshutdown$$00000002  c_w.l(libshutdown2.o)
    0x08000316   0x08000316   0x00000000   Code   RO         2885    .ARM.Collect$$libshutdown$$00000004  c_w.l(libshutdown2.o)
    0x08000316   0x08000316   0x00000000   Code   RO         2888    .ARM.Collect$$libshutdown$$00000007  c_w.l(libshutdown2.o)
    0x08000316   0x08000316   0x00000000   Code   RO         2891    .ARM.Collect$$libshutdown$$0000000A  c_w.l(libshutdown2.o)
    0x08000316   0x08000316   0x00000000   Code   RO         2893    .ARM.Collect$$libshutdown$$0000000C  c_w.l(libshutdown2.o)
    0x08000316   0x08000316   0x00000000   Code   RO         2896    .ARM.Collect$$libshutdown$$0000000F  c_w.l(libshutdown2.o)
    0x08000316   0x08000316   0x00000002   Code   RO         2897    .ARM.Collect$$libshutdown$$00000010  c_w.l(libshutdown2.o)
    0x08000318   0x08000318   0x00000000   Code   RO         2729    .ARM.Collect$$rtentry$$00000000  c_w.l(__rtentry.o)
    0x08000318   0x08000318   0x00000000   Code   RO         2737    .ARM.Collect$$rtentry$$00000002  c_w.l(__rtentry2.o)
    0x08000318   0x08000318   0x00000006   Code   RO         2749    .ARM.Collect$$rtentry$$00000004  c_w.l(__rtentry4.o)
    0x0800031e   0x0800031e   0x00000008   Code   RO         2738    .ARM.Collect$$rtentry$$00000008  c_w.l(__rtentry2.o)
    0x08000326   0x08000326   0x00000004   Code   RO         2740    .ARM.Collect$$rtentry$$0000000A  c_w.l(__rtentry2.o)
    0x0800032a   0x0800032a   0x00000000   Code   RO         2742    .ARM.Collect$$rtentry$$0000000C  c_w.l(__rtentry2.o)
    0x0800032a   0x0800032a   0x00000008   Code   RO         2743    .ARM.Collect$$rtentry$$0000000D  c_w.l(__rtentry2.o)
    0x08000332   0x08000332   0x00000002   Code   RO         2768    .ARM.Collect$$rtexit$$00000000  c_w.l(rtexit.o)
    0x08000334   0x08000334   0x00000000   Code   RO         2826    .ARM.Collect$$rtexit$$00000002  c_w.l(rtexit2.o)
    0x08000334   0x08000334   0x00000004   Code   RO         2827    .ARM.Collect$$rtexit$$00000003  c_w.l(rtexit2.o)
    0x08000338   0x08000338   0x00000006   Code   RO         2828    .ARM.Collect$$rtexit$$00000004  c_w.l(rtexit2.o)
    0x0800033e   0x0800033e   0x00000002   PAD
    0x08000340   0x08000340   0x000000c4   Code   RO           86    .text               irq_cm4f.o
    0x08000404   0x08000404   0x00000040   Code   RO         2695    .text               startup_stm32h743xx.o
    0x08000444   0x08000444   0x000000ee   Code   RO         2717    .text               c_w.l(lludivv7m.o)
    0x08000532   0x08000532   0x0000004e   Code   RO         2723    .text               c_w.l(rt_memclr_w.o)
    0x08000580   0x08000580   0x00000006   Code   RO         2725    .text               c_w.l(heapauxi.o)
    0x08000586   0x08000586   0x0000004a   Code   RO         2753    .text               c_w.l(sys_stackheap_outer.o)
    0x080005d0   0x080005d0   0x00000012   Code   RO         2755    .text               c_w.l(exit.o)
    0x080005e2   0x080005e2   0x00000002   PAD
    0x080005e4   0x080005e4   0x00000008   Code   RO         2765    .text               c_w.l(libspace.o)
    0x080005ec   0x080005ec   0x0000000c   Code   RO         2821    .text               c_w.l(sys_exit.o)
    0x080005f8   0x080005f8   0x00000002   Code   RO         2844    .text               c_w.l(use_no_semi.o)
    0x080005fa   0x080005fa   0x00000000   Code   RO         2846    .text               c_w.l(indicate_semi.o)
    0x080005fa   0x080005fa   0x00000002   PAD
    0x080005fc   0x080005fc   0x0000000c   Code   RO           74    .text.BDMA_Channel0_IRQHandler  stm32h7xx_it.o
    0x08000608   0x08000608   0x0000000c   Code   RO           76    .text.BDMA_Channel1_IRQHandler  stm32h7xx_it.o
    0x08000614   0x08000614   0x00000002   Code   RO           44    .text.BusFault_Handler  stm32h7xx_it.o
    0x08000616   0x08000616   0x00000002   PAD
    0x08000618   0x08000618   0x0000000c   Code   RO           50    .text.DMA1_Stream0_IRQHandler  stm32h7xx_it.o
    0x08000624   0x08000624   0x0000000c   Code   RO           52    .text.DMA1_Stream1_IRQHandler  stm32h7xx_it.o
    0x08000630   0x08000630   0x0000000c   Code   RO           54    .text.DMA1_Stream2_IRQHandler  stm32h7xx_it.o
    0x0800063c   0x0800063c   0x0000000c   Code   RO           56    .text.DMA1_Stream3_IRQHandler  stm32h7xx_it.o
    0x08000648   0x08000648   0x0000000c   Code   RO           58    .text.DMA1_Stream4_IRQHandler  stm32h7xx_it.o
    0x08000654   0x08000654   0x0000000c   Code   RO           60    .text.DMA1_Stream5_IRQHandler  stm32h7xx_it.o
    0x08000660   0x08000660   0x0000000c   Code   RO           62    .text.DMA1_Stream6_IRQHandler  stm32h7xx_it.o
    0x0800066c   0x0800066c   0x0000000c   Code   RO           66    .text.DMA1_Stream7_IRQHandler  stm32h7xx_it.o
    0x08000678   0x08000678   0x0000000c   Code   RO           68    .text.DMA2_Stream0_IRQHandler  stm32h7xx_it.o
    0x08000684   0x08000684   0x0000000c   Code   RO           70    .text.DMA2_Stream1_IRQHandler  stm32h7xx_it.o
    0x08000690   0x08000690   0x00000034   Code   RO         1743    .text.DMA_CalcBaseAndBitshift  stm32h7xx_hal_dma.o
    0x080006c4   0x080006c4   0x00000050   Code   RO         1745    .text.DMA_CalcDMAMUXChannelBaseAndMask  stm32h7xx_hal_dma.o
    0x08000714   0x08000714   0x00000058   Code   RO         1747    .text.DMA_CalcDMAMUXRequestGenBaseAndMask  stm32h7xx_hal_dma.o
    0x0800076c   0x0800076c   0x00000002   Code   RO           48    .text.DebugMon_Handler  stm32h7xx_it.o
    0x0800076e   0x0800076e   0x00000002   Code   RO            6    .text.Error_Handler  main.o
    0x08000770   0x08000770   0x00000002   Code   RO          337    .text.EvrRtxEventFlagsWaitTimeout  rtx_evr.o
    0x08000772   0x08000772   0x00000002   Code   RO          163    .text.EvrRtxKernelError  rtx_evr.o
    0x08000774   0x08000774   0x00000002   Code   RO          173    .text.EvrRtxKernelGetState  rtx_evr.o
    0x08000776   0x08000776   0x00000002   Code   RO          165    .text.EvrRtxKernelInitialize  rtx_evr.o
    0x08000778   0x08000778   0x00000002   Code   RO          167    .text.EvrRtxKernelInitialized  rtx_evr.o
    0x0800077a   0x0800077a   0x00000002   Code   RO          153    .text.EvrRtxMemoryAlloc  rtx_evr.o
    0x0800077c   0x0800077c   0x00000002   Code   RO          159    .text.EvrRtxMemoryBlockAlloc  rtx_evr.o
    0x0800077e   0x0800077e   0x00000002   Code   RO          161    .text.EvrRtxMemoryBlockFree  rtx_evr.o
    0x08000780   0x08000780   0x00000002   Code   RO          157    .text.EvrRtxMemoryBlockInit  rtx_evr.o
    0x08000782   0x08000782   0x00000002   Code   RO          155    .text.EvrRtxMemoryFree  rtx_evr.o
    0x08000784   0x08000784   0x00000002   Code   RO          151    .text.EvrRtxMemoryInit  rtx_evr.o
    0x08000786   0x08000786   0x00000002   Code   RO          415    .text.EvrRtxMemoryPoolAllocTimeout  rtx_evr.o
    0x08000788   0x08000788   0x00000002   Code   RO          463    .text.EvrRtxMessageQueueGetTimeout  rtx_evr.o
    0x0800078a   0x0800078a   0x00000002   Code   RO          451    .text.EvrRtxMessageQueuePutTimeout  rtx_evr.o
    0x0800078c   0x0800078c   0x00000002   Code   RO          355    .text.EvrRtxMutexAcquire  rtx_evr.o
    0x0800078e   0x0800078e   0x00000002   Code   RO          357    .text.EvrRtxMutexAcquirePending  rtx_evr.o
    0x08000790   0x08000790   0x00000002   Code   RO          359    .text.EvrRtxMutexAcquireTimeout  rtx_evr.o
    0x08000792   0x08000792   0x00000002   Code   RO          361    .text.EvrRtxMutexAcquired  rtx_evr.o
    0x08000794   0x08000794   0x00000002   Code   RO          351    .text.EvrRtxMutexCreated  rtx_evr.o
    0x08000796   0x08000796   0x00000002   Code   RO          371    .text.EvrRtxMutexDelete  rtx_evr.o
    0x08000798   0x08000798   0x00000002   Code   RO          373    .text.EvrRtxMutexDestroyed  rtx_evr.o
    0x0800079a   0x0800079a   0x00000002   Code   RO          347    .text.EvrRtxMutexError  rtx_evr.o
    0x0800079c   0x0800079c   0x00000002   Code   RO          349    .text.EvrRtxMutexNew  rtx_evr.o
    0x0800079e   0x0800079e   0x00000002   Code   RO          363    .text.EvrRtxMutexNotAcquired  rtx_evr.o
    0x080007a0   0x080007a0   0x00000002   Code   RO          365    .text.EvrRtxMutexRelease  rtx_evr.o
    0x080007a2   0x080007a2   0x00000002   Code   RO          367    .text.EvrRtxMutexReleased  rtx_evr.o
    0x080007a4   0x080007a4   0x00000002   Code   RO          387    .text.EvrRtxSemaphoreAcquireTimeout  rtx_evr.o
    0x080007a6   0x080007a6   0x00000002   Code   RO          247    .text.EvrRtxThreadBlocked  rtx_evr.o
    0x080007a8   0x080007a8   0x00000002   Code   RO          289    .text.EvrRtxThreadDelayCompleted  rtx_evr.o
    0x080007aa   0x080007aa   0x00000002   Code   RO          279    .text.EvrRtxThreadFlagsWaitTimeout  rtx_evr.o
    0x080007ac   0x080007ac   0x00000002   Code   RO          251    .text.EvrRtxThreadPreempted  rtx_evr.o
    0x080007ae   0x080007ae   0x00000002   Code   RO          253    .text.EvrRtxThreadSwitched  rtx_evr.o
    0x080007b0   0x080007b0   0x00000002   Code   RO          249    .text.EvrRtxThreadUnblocked  rtx_evr.o
    0x080007b2   0x080007b2   0x00000002   PAD
    0x080007b4   0x080007b4   0x000000d4   Code   RO         1583    .text.HAL_ADCEx_MultiModeConfigChannel  stm32h7xx_hal_adc_ex.o
    0x08000888   0x08000888   0x000003a0   Code   RO         1518    .text.HAL_ADC_ConfigChannel  stm32h7xx_hal_adc.o
    0x08000c28   0x08000c28   0x00000224   Code   RO         1470    .text.HAL_ADC_Init  stm32h7xx_hal_adc.o
    0x08000e4c   0x08000e4c   0x00000084   Code   RO         2660    .text.HAL_ADC_MspInit  stm32h7xx_hal_msp.o
    0x08000ed0   0x08000ed0   0x00000100   Code   RO         1689    .text.HAL_DAC_ConfigChannel  stm32h7xx_hal_dac.o
    0x08000fd0   0x08000fd0   0x00000026   Code   RO         1653    .text.HAL_DAC_Init  stm32h7xx_hal_dac.o
    0x08000ff6   0x08000ff6   0x00000002   PAD
    0x08000ff8   0x08000ff8   0x00000060   Code   RO         2664    .text.HAL_DAC_MspInit  stm32h7xx_hal_msp.o
    0x08001058   0x08001058   0x00000098   Code   RO         1759    .text.HAL_DMA_Abort_IT  stm32h7xx_hal_dma.o
    0x080010f0   0x080010f0   0x000002c8   Code   RO         1763    .text.HAL_DMA_IRQHandler  stm32h7xx_hal_dma.o
    0x080013b8   0x080013b8   0x000001e0   Code   RO         1741    .text.HAL_DMA_Init  stm32h7xx_hal_dma.o
    0x08001598   0x08001598   0x00000024   Code   RO         1381    .text.HAL_Delay     stm32h7xx_hal.o
    0x080015bc   0x080015bc   0x00000184   Code   RO         1807    .text.HAL_GPIO_Init  stm32h7xx_hal_gpio.o
    0x08001740   0x08001740   0x0000000c   Code   RO         1373    .text.HAL_GetTick   stm32h7xx_hal.o
    0x0800174c   0x0800174c   0x0000009a   Code   RO         1832    .text.HAL_HCD_Init  stm32h7xx_hal_hcd.o
    0x080017e6   0x080017e6   0x00000002   PAD
    0x080017e8   0x080017e8   0x000000dc   Code   RO         2680    .text.HAL_HCD_MspInit  stm32h7xx_hal_msp.o
    0x080018c4   0x080018c4   0x0000004a   Code   RO         2036    .text.HAL_I2CEx_ConfigAnalogFilter  stm32h7xx_hal_i2c_ex.o
    0x0800190e   0x0800190e   0x00000048   Code   RO         2038    .text.HAL_I2CEx_ConfigDigitalFilter  stm32h7xx_hal_i2c_ex.o
    0x08001956   0x08001956   0x00000002   PAD
    0x08001958   0x08001958   0x000000a0   Code   RO         1883    .text.HAL_I2C_Init  stm32h7xx_hal_i2c.o
    0x080019f8   0x080019f8   0x00000180   Code   RO         2668    .text.HAL_I2C_MspInit  stm32h7xx_hal_msp.o
    0x08001b78   0x08001b78   0x0000001c   Code   RO         1361    .text.HAL_Init      stm32h7xx_hal.o
    0x08001b94   0x08001b94   0x00000040   Code   RO         1363    .text.HAL_InitTick  stm32h7xx_hal.o
    0x08001bd4   0x08001bd4   0x00000020   Code   RO         2658    .text.HAL_MspInit   stm32h7xx_hal_msp.o
    0x08001bf4   0x08001bf4   0x0000001c   Code   RO         1608    .text.HAL_NVIC_EnableIRQ  stm32h7xx_hal_cortex.o
    0x08001c10   0x08001c10   0x00000040   Code   RO         1604    .text.HAL_NVIC_SetPriority  stm32h7xx_hal_cortex.o
    0x08001c50   0x08001c50   0x00000020   Code   RO         1602    .text.HAL_NVIC_SetPriorityGrouping  stm32h7xx_hal_cortex.o
    0x08001c70   0x08001c70   0x00000024   Code   RO         2243    .text.HAL_RCCEx_GetD1SysClockFreq  stm32h7xx_hal_rcc_ex.o
    0x08001c94   0x08001c94   0x00000020   Code   RO         2241    .text.HAL_RCCEx_GetD3PCLK1Freq  stm32h7xx_hal_rcc_ex.o
    0x08001cb4   0x08001cb4   0x000000e0   Code   RO         2235    .text.HAL_RCCEx_GetPLL2ClockFreq  stm32h7xx_hal_rcc_ex.o
    0x08001d94   0x08001d94   0x000000e0   Code   RO         2237    .text.HAL_RCCEx_GetPLL3ClockFreq  stm32h7xx_hal_rcc_ex.o
    0x08001e74   0x08001e74   0x000007d0   Code   RO         2223    .text.HAL_RCCEx_PeriphCLKConfig  stm32h7xx_hal_rcc_ex.o
    0x08002644   0x08002644   0x000001b0   Code   RO         2192    .text.HAL_RCC_ClockConfig  stm32h7xx_hal_rcc.o
    0x080027f4   0x080027f4   0x00000024   Code   RO         2200    .text.HAL_RCC_GetHCLKFreq  stm32h7xx_hal_rcc.o
    0x08002818   0x08002818   0x00000018   Code   RO         2202    .text.HAL_RCC_GetPCLK1Freq  stm32h7xx_hal_rcc.o
    0x08002830   0x08002830   0x00000020   Code   RO         2204    .text.HAL_RCC_GetPCLK2Freq  stm32h7xx_hal_rcc.o
    0x08002850   0x08002850   0x000000d4   Code   RO         2194    .text.HAL_RCC_GetSysClockFreq  stm32h7xx_hal_rcc.o
    0x08002924   0x08002924   0x00000434   Code   RO         2190    .text.HAL_RCC_OscConfig  stm32h7xx_hal_rcc.o
    0x08002d58   0x08002d58   0x0000004c   Code   RO         2401    .text.HAL_SPIEx_FlushRxFifo  stm32h7xx_hal_spi_ex.o
    0x08002da4   0x08002da4   0x00000048   Code   RO         1134    .text.HAL_SPI_ErrorCallback  spi_stm32h7xx.o
    0x08002dec   0x08002dec   0x00000006   Code   RO         2390    .text.HAL_SPI_GetError  stm32h7xx_hal_spi.o
    0x08002df2   0x08002df2   0x00000002   PAD
    0x08002df4   0x08002df4   0x0000020c   Code   RO         2370    .text.HAL_SPI_IRQHandler  stm32h7xx_hal_spi.o
    0x08003000   0x08003000   0x0000014c   Code   RO         2284    .text.HAL_SPI_Init  stm32h7xx_hal_spi.o
    0x0800314c   0x0800314c   0x00000204   Code   RO         2672    .text.HAL_SPI_MspInit  stm32h7xx_hal_msp.o
    0x08003350   0x08003350   0x00000004   Code   RO         1130    .text.HAL_SPI_RxCpltCallback  spi_stm32h7xx.o
    0x08003354   0x08003354   0x00000038   Code   RO         1126    .text.HAL_SPI_TxCpltCallback  spi_stm32h7xx.o
    0x0800338c   0x0800338c   0x00000004   Code   RO         1132    .text.HAL_SPI_TxRxCpltCallback  spi_stm32h7xx.o
    0x08003390   0x08003390   0x00000024   Code   RO         1616    .text.HAL_SYSTICK_Config  stm32h7xx_hal_cortex.o
    0x080033b4   0x080033b4   0x00000064   Code   RO         2416    .text.HAL_UART_Init  stm32h7xx_hal_uart.o
    0x08003418   0x08003418   0x000001e8   Code   RO         2676    .text.HAL_UART_MspInit  stm32h7xx_hal_msp.o
    0x08003600   0x08003600   0x00000002   Code   RO           40    .text.HardFault_Handler  stm32h7xx_it.o
    0x08003602   0x08003602   0x00000002   Code   RO           42    .text.MemManage_Handler  stm32h7xx_it.o
    0x08003604   0x08003604   0x00000002   Code   RO           38    .text.NMI_Handler   stm32h7xx_it.o
    0x08003606   0x08003606   0x00000002   PAD
    0x08003608   0x08003608   0x0000000c   Code   RO          986    .text.OS_Tick_AcknowledgeIRQ  os_systick.o
    0x08003614   0x08003614   0x00000010   Code   RO         1115    .text.OTG_HS_IRQHandler  otg_stm32h7xx.o
    0x08003624   0x08003624   0x000000e0   Code   RO         2225    .text.RCCEx_PLL2_Config  stm32h7xx_hal_rcc_ex.o
    0x08003704   0x08003704   0x000000e4   Code   RO         2227    .text.RCCEx_PLL3_Config  stm32h7xx_hal_rcc_ex.o
    0x080037e8   0x080037e8   0x0000000c   Code   RO           64    .text.SPI2_IRQHandler  stm32h7xx_it.o
    0x080037f4   0x080037f4   0x0000000c   Code   RO           72    .text.SPI4_IRQHandler  stm32h7xx_it.o
    0x08003800   0x08003800   0x000000b6   Code   RO         2294    .text.SPI_CloseTransfer  stm32h7xx_hal_spi.o
    0x080038b6   0x080038b6   0x00000016   Code   RO         2380    .text.SPI_DMAAbortOnError  stm32h7xx_hal_spi.o
    0x080038cc   0x080038cc   0x00000060   Code   RO         1128    .text.SPI_TransferComplete  spi_stm32h7xx.o
    0x0800392c   0x0800392c   0x000000d4   Code   RO            4    .text.SystemClock_Config  main.o
    0x08003a00   0x08003a00   0x00000064   Code   RO         2700    .text.SystemInit    system_stm32h7xx.o
    0x08003a64   0x08003a64   0x000000c6   Code   RO         2422    .text.UART_AdvFeatureConfig  stm32h7xx_hal_uart.o
    0x08003b2a   0x08003b2a   0x00000002   PAD
    0x08003b2c   0x08003b2c   0x00000064   Code   RO         2424    .text.UART_CheckIdleState  stm32h7xx_hal_uart.o
    0x08003b90   0x08003b90   0x000004f8   Code   RO         2420    .text.UART_SetConfig  stm32h7xx_hal_uart.o
    0x08004088   0x08004088   0x0000006a   Code   RO         2438    .text.UART_WaitOnFlagUntilTimeout  stm32h7xx_hal_uart.o
    0x080040f2   0x080040f2   0x00000002   PAD
    0x080040f4   0x080040f4   0x000003e4   Code   RO         1307    .text.USBH_HS1_IRQ  usbh_hs1_stm32h7xx.o
    0x080044d8   0x080044d8   0x00000194   Code   RO         1309    .text.USBH_HW_StartTransfer  usbh_hs1_stm32h7xx.o
    0x0800466c   0x0800466c   0x0000006c   Code   RO         2558    .text.USB_CoreInit  stm32h7xx_ll_usb.o
    0x080046d8   0x080046d8   0x00000030   Code   RO         2560    .text.USB_CoreReset  stm32h7xx_ll_usb.o
    0x08004708   0x08004708   0x0000000e   Code   RO         2564    .text.USB_DisableGlobalInt  stm32h7xx_ll_usb.o
    0x08004716   0x08004716   0x00000042   Code   RO         2626    .text.USB_DriveVbus  stm32h7xx_ll_usb.o
    0x08004758   0x08004758   0x00000020   Code   RO         2574    .text.USB_FlushRxFifo  stm32h7xx_ll_usb.o
    0x08004778   0x08004778   0x000000dc   Code   RO         2624    .text.USB_HostInit  stm32h7xx_ll_usb.o
    0x08004854   0x08004854   0x0000002a   Code   RO         2566    .text.USB_SetCurrentMode  stm32h7xx_ll_usb.o
    0x0800487e   0x0800487e   0x00000002   Code   RO           46    .text.UsageFault_Handler  stm32h7xx_it.o
    0x08004880   0x08004880   0x00000020   Code   RO         1606    .text.__NVIC_SetPriority  stm32h7xx_hal_cortex.o
    0x080048a0   0x080048a0   0x0000001a   Code   RO          568    .text._mutex_acquire  rtx_lib.o
    0x080048ba   0x080048ba   0x00000006   Code   RO          572    .text._mutex_free   rtx_lib.o
    0x080048c0   0x080048c0   0x00000020   Code   RO          566    .text._mutex_initialize  rtx_lib.o
    0x080048e0   0x080048e0   0x00000016   Code   RO          570    .text._mutex_release  rtx_lib.o
    0x080048f6   0x080048f6   0x00000004   Code   RO          558    .text._platform_post_stackheap_init  rtx_lib.o
    0x080048fa   0x080048fa   0x00000002   PAD
    0x080048fc   0x080048fc   0x000003b4   Code   RO            2    .text.main          main.o
    0x08004cb0   0x08004cb0   0x0000002c   Code   RO          501    .text.osKernelGetState  rtx_kernel.o
    0x08004cdc   0x08004cdc   0x00000038   Code   RO          495    .text.osKernelInitialize  rtx_kernel.o
    0x08004d14   0x08004d14   0x0000003c   Code   RO          727    .text.osMutexAcquire  rtx_mutex.o
    0x08004d50   0x08004d50   0x00000038   Code   RO          733    .text.osMutexDelete  rtx_mutex.o
    0x08004d88   0x08004d88   0x0000003c   Code   RO          723    .text.osMutexNew    rtx_mutex.o
    0x08004dc4   0x08004dc4   0x00000038   Code   RO          729    .text.osMutexRelease  rtx_mutex.o
    0x08004dfc   0x08004dfc   0x00000002   Code   RO         1010    .text.osRtxErrorNotify  rtx_config.o
    0x08004dfe   0x08004dfe   0x00000002   Code   RO          560    .text.osRtxKernelPreInit  rtx_lib.o
    0x08004e00   0x08004e00   0x00000092   Code   RO          598    .text.osRtxMemoryAlloc  rtx_memory.o
    0x08004e92   0x08004e92   0x00000056   Code   RO          600    .text.osRtxMemoryFree  rtx_memory.o
    0x08004ee8   0x08004ee8   0x00000040   Code   RO          596    .text.osRtxMemoryInit  rtx_memory.o
    0x08004f28   0x08004f28   0x00000042   Code   RO          613    .text.osRtxMemoryPoolAlloc  rtx_mempool.o
    0x08004f6a   0x08004f6a   0x00000056   Code   RO          615    .text.osRtxMemoryPoolFree  rtx_mempool.o
    0x08004fc0   0x08004fc0   0x00000056   Code   RO          611    .text.osRtxMemoryPoolInit  rtx_mempool.o
    0x08005016   0x08005016   0x00000002   PAD
    0x08005018   0x08005018   0x00000088   Code   RO          793    .text.osRtxPendSV_Handler  rtx_system.o
    0x080050a0   0x080050a0   0x00000038   Code   RO          826    .text.osRtxThreadBlock  rtx_thread.o
    0x080050d8   0x080050d8   0x00000084   Code   RO          834    .text.osRtxThreadDelayInsert  rtx_thread.o
    0x0800515c   0x0800515c   0x00000068   Code   RO          830    .text.osRtxThreadDelayRemove  rtx_thread.o
    0x080051c4   0x080051c4   0x000000e8   Code   RO          816    .text.osRtxThreadDelayTick  rtx_thread.o
    0x080052ac   0x080052ac   0x00000070   Code   RO          824    .text.osRtxThreadDispatch  rtx_thread.o
    0x0800531c   0x0800531c   0x00000016   Code   RO          808    .text.osRtxThreadListGet  rtx_thread.o
    0x08005332   0x08005332   0x00000030   Code   RO          806    .text.osRtxThreadListPut  rtx_thread.o
    0x08005362   0x08005362   0x00000014   Code   RO          812    .text.osRtxThreadListRemove  rtx_thread.o
    0x08005376   0x08005376   0x00000028   Code   RO          810    .text.osRtxThreadListSort  rtx_thread.o
    0x0800539e   0x0800539e   0x00000002   PAD
    0x080053a0   0x080053a0   0x00000014   Code   RO          814    .text.osRtxThreadReadyPut  rtx_thread.o
    0x080053b4   0x080053b4   0x00000024   Code   RO          822    .text.osRtxThreadStackCheck  rtx_thread.o
    0x080053d8   0x080053d8   0x00000020   Code   RO          820    .text.osRtxThreadSwitch  rtx_thread.o
    0x080053f8   0x080053f8   0x00000048   Code   RO          832    .text.osRtxThreadWaitEnter  rtx_thread.o
    0x08005440   0x08005440   0x00000038   Code   RO          828    .text.osRtxThreadWaitExit  rtx_thread.o
    0x08005478   0x08005478   0x00000074   Code   RO          791    .text.osRtxTick_Handler  rtx_system.o
    0x080054ec   0x080054ec   0x00000024   Code   RO          564    .text.os_kernel_is_active  rtx_lib.o
    0x08005510   0x08005510   0x00000014   Code   RO          503    .text.svcRtxKernelGetState  rtx_kernel.o
    0x08005524   0x08005524   0x0000017c   Code   RO          533    .text.svcRtxKernelInitialize  rtx_kernel.o
    0x080056a0   0x080056a0   0x000000d4   Code   RO          739    .text.svcRtxMutexAcquire  rtx_mutex.o
    0x08005774   0x08005774   0x000000cc   Code   RO          745    .text.svcRtxMutexDelete  rtx_mutex.o
    0x08005840   0x08005840   0x00000080   Code   RO          735    .text.svcRtxMutexNew  rtx_mutex.o
    0x080058c0   0x080058c0   0x000000e8   Code   RO          741    .text.svcRtxMutexRelease  rtx_mutex.o
    0x080059a8   0x080059a8   0x0000001a   Code   RO         2838    x$fpl$fpinit        fz_wv.l(fpinit.o)
    0x080059c2   0x080059c2   0x00000002   PAD
    0x080059c4   0x080059c4   0x000000a0   Data   RO          578    .rodata             rtx_lib.o
    0x08005a64   0x08005a64   0x00000010   Data   RO         2706    .rodata.D1CorePrescTable  system_stm32h7xx.o
    0x08005a74   0x08005a74   0x00000040   Data   RO         1348    .rodata.OTG_DFIFO   usbh_hs1_stm32h7xx.o
    0x08005ab4   0x08005ab4   0x0000000c   Data   RO         1198    .rodata.SPI2_NSS    spi_stm32h7xx.o
    0x08005ac0   0x08005ac0   0x00000018   Data   RO         1196    .rodata.SPI2_Resources  spi_stm32h7xx.o
    0x08005ad8   0x08005ad8   0x0000000c   Data   RO         1201    .rodata.SPI4_NSS    spi_stm32h7xx.o
    0x08005ae4   0x08005ae4   0x00000018   Data   RO         1197    .rodata.SPI4_Resources  spi_stm32h7xx.o
    0x08005afc   0x08005afc   0x00000018   Data   RO         2526    .rodata.UARTPrescTable  stm32h7xx_hal_uart.o
    0x08005b14   0x08005b14   0x00000004   Data   RO          580    .rodata.osRtxUserSVC  rtx_lib.o
    0x08005b18   0x08005b18   0x00000024   Data   RO          575    .rodata.os_idle_thread_attr  rtx_lib.o
    0x08005b3c   0x08005b3c   0x00000018   Data   RO          577    .rodata.os_timer_mq_attr  rtx_lib.o
    0x08005b54   0x08005b54   0x00000024   Data   RO          576    .rodata.os_timer_thread_attr  rtx_lib.o
    0x08005b78   0x08005b78   0x0000000b   Data   RO          547    .rodata.str1.4      rtx_kernel.o
    0x08005b83   0x08005b83   0x00000001   PAD
    0x08005b84   0x08005b84   0x00000020   Data   RO         2899    Region$$Table       anon$$obj.o


    Execution Region RW_IRAM1 (Exec base: 0x20000000, Load base: 0x08005ba4, Size: 0x00000000, Max: 0x00020000, ABSOLUTE)

    **** No section assigned to this execution region ****


    Execution Region RW_IRAM2 (Exec base: 0x24000000, Load base: 0x08005ba8, Size: 0x00002810, Max: 0x00080000, ABSOLUTE)

    Exec Addr    Load Addr    Size         Type   Attr      Idx    E Section Name        Object

    0x24000000   0x08005ba8   0x00000008   Data   RW         1460    .data..L_MergedGlobals  stm32h7xx_hal.o
    0x24000008   0x08005bb0   0x00000004   Data   RW         2704    .data.SystemCoreClock  system_stm32h7xx.o
    0x2400000c   0x08005bb4   0x00000004   Data   RW         2705    .data.SystemD2Clock  system_stm32h7xx.o
    0x24000010   0x08005bb8   0x000000a4   Data   RW          548    .data.os            rtx_kernel.o
    0x240000b4   0x08005c5c   0x00000004   PAD
    0x240000b8        -       0x00000060   Zero   RW         2766    .bss                c_w.l(libspace.o)
    0x24000118        -       0x00000060   Zero   RW           28    .bss..L_MergedGlobals  main.o
    0x24000178        -       0x0000000c   Zero   RW         1350    .bss..L_MergedGlobals  usbh_hs1_stm32h7xx.o
    0x24000184        -       0x0000000c   Zero   RW         1199    .bss.SPI2_Info      spi_stm32h7xx.o
    0x24000190        -       0x00000010   Zero   RW         1200    .bss.SPI2_TransferInfo  spi_stm32h7xx.o
    0x240001a0        -       0x0000000c   Zero   RW         1202    .bss.SPI4_Info      spi_stm32h7xx.o
    0x240001ac        -       0x00000010   Zero   RW         1203    .bss.SPI4_TransferInfo  spi_stm32h7xx.o
    0x240001bc        -       0x00000064   Zero   RW            8    .bss.hadc1          main.o
    0x24000220        -       0x00000078   Zero   RW           10    .bss.hdma_i2c1_rx   main.o
    0x24000298        -       0x00000078   Zero   RW           11    .bss.hdma_i2c1_tx   main.o
    0x24000310        -       0x00000078   Zero   RW           12    .bss.hdma_i2c4_rx   main.o
    0x24000388        -       0x00000078   Zero   RW           13    .bss.hdma_i2c4_tx   main.o
    0x24000400        -       0x00000078   Zero   RW           16    .bss.hdma_spi2_rx   main.o
    0x24000478        -       0x00000078   Zero   RW           17    .bss.hdma_spi2_tx   main.o
    0x240004f0        -       0x00000078   Zero   RW           18    .bss.hdma_spi4_rx   main.o
    0x24000568        -       0x00000078   Zero   RW           19    .bss.hdma_spi4_tx   main.o
    0x240005e0        -       0x00000078   Zero   RW           22    .bss.hdma_uart4_rx  main.o
    0x24000658        -       0x00000078   Zero   RW           23    .bss.hdma_uart4_tx  main.o
    0x240006d0        -       0x00000078   Zero   RW           24    .bss.hdma_uart5_rx  main.o
    0x24000748        -       0x00000078   Zero   RW           25    .bss.hdma_uart5_tx  main.o
    0x240007c0        -       0x00000298   Zero   RW           26    .bss.hhcd_USB_OTG_HS  main.o
    0x24000a58        -       0x0000004c   Zero   RW            9    .bss.hi2c4          main.o
    0x24000aa4        -       0x00000088   Zero   RW           14    .bss.hspi2          main.o
    0x24000b2c        -       0x00000088   Zero   RW           15    .bss.hspi4          main.o
    0x24000bb4        -       0x00000080   Zero   RW           20    .bss.huart4         main.o
    0x24000c34        -       0x00000080   Zero   RW           21    .bss.huart5         main.o
    0x24000cb4   0x08005c5c   0x00000004   PAD
    0x24000cb8        -       0x00001040   Zero   RW          574    .bss.os             rtx_lib.o
    0x24001cf8        -       0x00000034   Zero   RW          584    .bss.os.msgqueue.cb  rtx_lib.o
    0x24001d2c        -       0x00000050   Zero   RW          585    .bss.os.msgqueue.mem  rtx_lib.o
    0x24001d7c        -       0x00000088   Zero   RW          582    .bss.os.thread.cb   rtx_lib.o
    0x24001e04   0x08005c5c   0x00000004   PAD
    0x24001e08        -       0x00000200   Zero   RW          583    .bss.os.thread.stack  rtx_lib.o
    0x24002008        -       0x00000001   Zero   RW          586    .bss.os_kernel_is_active.os_kernel_active  rtx_lib.o
    0x24002009   0x08005c5c   0x00000003   PAD
    0x2400200c        -       0x00000200   Zero   RW         1347    .bss.pipe           usbh_hs1_stm32h7xx.o
    0x2400220c        -       0x00000004   Zero   RW         1459    .bss.uwTick         stm32h7xx_hal.o
    0x24002210        -       0x00000200   Zero   RW         2693    HEAP                startup_stm32h743xx.o
    0x24002410        -       0x00000400   Zero   RW         2692    STACK               startup_stm32h743xx.o


==============================================================================

Image component sizes


      Code (inc. data)   RO Data    RW Data    ZI Data      Debug   Object Name

       196         12          0          0          0        640   irq_cm4f.o
      1162         72          0          0       2904      23885   main.o
        12          4          0          0          0       6519   os_systick.o
        16          4          0          0          0       1595   otg_stm32h7xx.o
         2          0          0          0          0        736   rtx_config.o
        66          0          0          0          0      23525   rtx_evr.o
       500         24         11        164          0      18128   rtx_kernel.o
       128          4        260          0       4941       7131   rtx_lib.o
       296          0          0          0          0       2734   rtx_memory.o
       238          0          0          0          0      15206   rtx_mempool.o
      1008         32          0          0          0       9938   rtx_mutex.o
       252          8          0          0          0       6189   rtx_system.o
       982         22          0          0          0      34206   rtx_thread.o
       232         36         72          0         56      19436   spi_stm32h7xx.o
        64         26        664          0       1536        844   startup_stm32h743xx.o
       140         12          0          8          4      14545   stm32h7xx_hal.o
      1476         44          0          0          0      15152   stm32h7xx_hal_adc.o
       212          4          0          0          0      15813   stm32h7xx_hal_adc_ex.o
       192         20          0          0          0      11998   stm32h7xx_hal_cortex.o
       294          4          0          0          0       8358   stm32h7xx_hal_dac.o
      1564         80          0          0          0      11261   stm32h7xx_hal_dma.o
       388         20          0          0          0       6728   stm32h7xx_hal_gpio.o
       154          0          0          0          0      11034   stm32h7xx_hal_hcd.o
       160          4          0          0          0      30003   stm32h7xx_hal_i2c.o
       146          0          0          0          0       7353   stm32h7xx_hal_i2c_ex.o
      1868        152          0          0          0      21193   stm32h7xx_hal_msp.o
      1812         48          0          0          0       9613   stm32h7xx_hal_rcc.o
      2968        158          0          0          0      15085   stm32h7xx_hal_rcc_ex.o
      1066         16          0          0          0      19844   stm32h7xx_hal_spi.o
        76          0          0          0          0       5168   stm32h7xx_hal_spi_ex.o
      1776        158         24          0          0      21343   stm32h7xx_hal_uart.o
       180         56          0          0          0       2139   stm32h7xx_it.o
       530         32          0          0          0      18107   stm32h7xx_ll_usb.o
       100         16         16          8          0       4342   system_stm32h7xx.o
      1400         56         64          0        524      19565   usbh_hs1_stm32h7xx.o

    ----------------------------------------------------------------------
     21680       1124       1144        180       9980     439356   Object Totals
         0          0         32          0          0          0   (incl. Generated)
        24          0          1          0         15          0   (incl. Padding)

    ----------------------------------------------------------------------

      Code (inc. data)   RO Data    RW Data    ZI Data      Debug   Library Member Name

         8          0          0          0          0         68   __main.o
         0          0          0          0          0          0   __rtentry.o
        20          0          0          0          0          0   __rtentry2.o
         6          0          0          0          0          0   __rtentry4.o
        52          8          0          0          0          0   __scatter.o
        26          0          0          0          0          0   __scatter_copy.o
        28          0          0          0          0          0   __scatter_zi.o
        18          0          0          0          0         80   exit.o
         6          0          0          0          0        152   heapauxi.o
         0          0          0          0          0          0   indicate_semi.o
         2          0          0          0          0          0   libinit.o
         6          0          0          0          0          0   libinit2.o
         2          0          0          0          0          0   libshutdown.o
         2          0          0          0          0          0   libshutdown2.o
         8          4          0          0         96         68   libspace.o
       238          0          0          0          0        100   lludivv7m.o
        78          0          0          0          0         80   rt_memclr_w.o
         2          0          0          0          0          0   rtexit.o
        10          0          0          0          0          0   rtexit2.o
        12          4          0          0          0         68   sys_exit.o
        74          0          0          0          0         80   sys_stackheap_outer.o
         2          0          0          0          0         68   use_no_semi.o
        26          0          0          0          0        116   fpinit.o

    ----------------------------------------------------------------------
       636         16          0          0         96        880   Library Totals
        10          0          0          0          0          0   (incl. Padding)

    ----------------------------------------------------------------------

      Code (inc. data)   RO Data    RW Data    ZI Data      Debug   Library Name

       600         16          0          0         96        764   c_w.l
        26          0          0          0          0        116   fz_wv.l

    ----------------------------------------------------------------------
       636         16          0          0         96        880   Library Totals

    ----------------------------------------------------------------------

==============================================================================


      Code (inc. data)   RO Data    RW Data    ZI Data      Debug   

     22316       1140       1144        180      10076     439364   Grand Totals
     22316       1140       1144        180      10076     439364   ELF Image Totals
     22316       1140       1144        180          0          0   ROM Totals

==============================================================================

    Total RO  Size (Code + RO Data)                23460 (  22.91kB)
    Total RW  Size (RW Data + ZI Data)             10256 (  10.02kB)
    Total ROM Size (Code + RO Data + RW Data)      23640 (  23.09kB)

==============================================================================

